Component: Arm Compiler for Embedded 6.19 Tool: armlink [5e73cb00]

==============================================================================

Section Cross References

    adc.o(.ARM.exidx) refers to adc.o(.text) for [Anonymous Symbol]
    dac.o(.ARM.exidx) refers to dac.o(.text) for [Anonymous Symbol]
    i2c.o(.text) refers to i2c.o(.bss.error) for [Anonymous Symbol]
    i2c.o(.text) refers to i2c.o(.bss.dummy) for dummy
    i2c.o(.ARM.exidx) refers to i2c.o(.text) for [Anonymous Symbol]
    lcd1602.o(.text) refers to i2c.o(.text) for I2C_Init
    lcd1602.o(.text) refers to lcd1602.o(.bss.pcf_address) for [Anonymous Symbol]
    lcd1602.o(.text) refers to lcd1602.o(.data.lcd_backlight) for [Anonymous Symbol]
    lcd1602.o(.text) refers to aeabi_sdivfast.o(.text_divfast) for __aeabi_idiv
    lcd1602.o(.text) refers to lcd1602.o(.data.PL_CH_a_) for PL_CH_a_
    lcd1602.o(.text) refers to lcd1602.o(.data.PL_CH_c_) for PL_CH_c_
    lcd1602.o(.text) refers to lcd1602.o(.data.PL_CH_e_) for PL_CH_e_
    lcd1602.o(.text) refers to lcd1602.o(.data.PL_CH_l_) for PL_CH_l_
    lcd1602.o(.text) refers to lcd1602.o(.data.PL_CH_n_) for PL_CH_n_
    lcd1602.o(.text) refers to lcd1602.o(.data.PL_CH_o_) for PL_CH_o_
    lcd1602.o(.text) refers to lcd1602.o(.data.PL_CH_s_) for PL_CH_s_
    lcd1602.o(.text) refers to lcd1602.o(.data.PL_CH_z_) for PL_CH_z_
    lcd1602.o(.ARM.exidx) refers to lcd1602.o(.text) for [Anonymous Symbol]
    main.o(.text) refers (Special) to _printf_percent.o(.ARM.Collect$$_printf_percent$$00000000) for _printf_percent
    main.o(.text) refers (Special) to _printf_pad.o(.text) for _printf_pre_padding
    main.o(.text) refers (Special) to _printf_d.o(.ARM.Collect$$_printf_percent$$00000009) for _printf_d
    main.o(.text) refers (Special) to _printf_dec.o(.text) for _printf_int_dec
    main.o(.text) refers to main.o(.bss.sekunda) for sekunda
    main.o(.text) refers to main.o(.bss.sekunda_OK) for sekunda_OK
    main.o(.text) refers to fflti.o(.text) for __aeabi_ui2f
    main.o(.text) refers to fmul.o(x$fpl$fmul) for __aeabi_fmul
    main.o(.text) refers to dac.o(.text) for DAC_Load_Trig
    main.o(.text) refers to main.o(.bss.temp) for temp
    main.o(.text) refers to main.o(.bss.wynik_ok) for wynik_ok
    main.o(.text) refers to main.o(.data.adc_volt_coeff) for adc_volt_coeff
    main.o(.text) refers to main.o(.bss.wynik) for wynik
    main.o(.text) refers to lcd1602.o(.text) for LCD1602_Init
    main.o(.text) refers to adc.o(.text) for ADC_Init
    main.o(.text) refers to aeabi_sdivfast.o(.text_divfast) for __aeabi_uidiv
    main.o(.text) refers to rt_memclr.o(.text) for __aeabi_memclr4
    main.o(.text) refers to f2d.o(.text) for __aeabi_f2d
    main.o(.text) refers to dcmp.o(i._dls) for __aeabi_dcmplt
    main.o(.text) refers to dcmp.o(i._dgeq) for __aeabi_dcmpge
    main.o(.text) refers to noretval__2sprintf.o(.text) for __2sprintf
    main.o(.text) refers to strcmpv6m.o(.text) for strcmp
    main.o(.text) refers to memcmp.o(.text) for memcmp
    main.o(.text) refers to rt_memcpy.o(.text) for __aeabi_memcpy
    main.o(.text) refers to aeabi_memset.o(.text) for __aeabi_memset
    main.o(.text) refers to system_mkl05z4.o(.data.SystemCoreClock) for SystemCoreClock
    main.o(.text) refers to main.o(.bss.czas_ciemny) for czas_ciemny
    main.o(.text) refers to main.o(.bss.czas_jasny) for czas_jasny
    main.o(.text) refers to main.o(.bss.i) for i
    main.o(.text) refers to main.o(.bss.znaki) for znaki
    main.o(.text) refers to main.o(.data.morseCode) for morseCode
    main.o(.text) refers to main.o(.bss.k) for k
    main.o(.text) refers to main.o(.bss.slowo) for slowo
    main.o(.ARM.exidx) refers (Special) to _printf_percent.o(.ARM.Collect$$_printf_percent$$00000000) for _printf_percent
    main.o(.ARM.exidx) refers (Special) to _printf_pad.o(.text) for _printf_pre_padding
    main.o(.ARM.exidx) refers (Special) to _printf_d.o(.ARM.Collect$$_printf_percent$$00000009) for _printf_d
    main.o(.ARM.exidx) refers (Special) to _printf_dec.o(.text) for _printf_int_dec
    main.o(.ARM.exidx) refers to main.o(.text) for [Anonymous Symbol]
    main.o(.bss.czas_ciemny) refers (Special) to _printf_percent.o(.ARM.Collect$$_printf_percent$$00000000) for _printf_percent
    main.o(.bss.czas_ciemny) refers (Special) to _printf_pad.o(.text) for _printf_pre_padding
    main.o(.bss.czas_ciemny) refers (Special) to _printf_d.o(.ARM.Collect$$_printf_percent$$00000009) for _printf_d
    main.o(.bss.czas_ciemny) refers (Special) to _printf_dec.o(.text) for _printf_int_dec
    main.o(.bss.czas_jasny) refers (Special) to _printf_percent.o(.ARM.Collect$$_printf_percent$$00000000) for _printf_percent
    main.o(.bss.czas_jasny) refers (Special) to _printf_pad.o(.text) for _printf_pre_padding
    main.o(.bss.czas_jasny) refers (Special) to _printf_d.o(.ARM.Collect$$_printf_percent$$00000009) for _printf_d
    main.o(.bss.czas_jasny) refers (Special) to _printf_dec.o(.text) for _printf_int_dec
[...]
    dcmp.o(i._dls) refers (Special) to usenofp.o(x$fpl$usenofp) for __I$use$fp
    dcmp.o(i._dls) refers to dlef.o(x$fpl$dleqf) for _dcmple
    dcmp.o(i._dneq) refers (Special) to usenofp.o(x$fpl$usenofp) for __I$use$fp
    dcmp.o(i._dneq) refers to deqf.o(x$fpl$deqf) for _dcmpeq
    f2d.o(.text) refers (Special) to usenofp.o(x$fpl$usenofp) for __I$use$fp
    fflti.o(.text) refers (Special) to usenofp.o(x$fpl$usenofp) for __I$use$fp
    fmul.o(x$fpl$fmul) refers (Special) to usenofp.o(x$fpl$usenofp) for __I$use$fp
    __rtentry.o(.ARM.Collect$$rtentry$$00000000) refers (Special) to __rtentry2.o(.ARM.Collect$$rtentry$$0000000A) for __rt_entry_li
    __rtentry.o(.ARM.Collect$$rtentry$$00000000) refers (Special) to __rtentry2.o(.ARM.Collect$$rtentry$$0000000D) for __rt_entry_main
    __rtentry.o(.ARM.Collect$$rtentry$$00000000) refers (Special) to __rtentry2.o(.ARM.Collect$$rtentry$$0000000C) for __rt_entry_postli_1
    __rtentry.o(.ARM.Collect$$rtentry$$00000000) refers (Special) to __rtentry2.o(.ARM.Collect$$rtentry$$00000009) for __rt_entry_postsh_1
    __rtentry.o(.ARM.Collect$$rtentry$$00000000) refers (Special) to __rtentry2.o(.ARM.Collect$$rtentry$$00000002) for __rt_entry_presh_1
    __rtentry.o(.ARM.Collect$$rtentry$$00000000) refers (Special) to __rtentry4.o(.ARM.Collect$$rtentry$$00000004) for __rt_entry_sh
    aeabi_idiv0_sigfpe.o(.text) refers to rt_div0.o(.text) for __rt_div0
    _printf_intcommon.o(.text) refers (Weak) to _printf_pad.o(.text) for _printf_pre_padding
    _printf_intcommon.o(.text) refers (Weak) to _printf_pad.o(.text) for _printf_pre_padding
    _printf_intcommon.o(.text) refers (Weak) to _printf_pad.o(.text) for _printf_post_padding
    _printf_char_common.o(.text) refers to __printf_flags_wp.o(.text) for __printf
    deqf.o(x$fpl$deqf) refers (Special) to usenofp.o(x$fpl$usenofp) for __I$use$fp
    deqf.o(x$fpl$deqf) refers to dcmpin.o(.text) for __fpl_dcmp_InfNaN
    dgef.o(x$fpl$dgeqf) refers (Special) to usenofp.o(x$fpl$usenofp) for __I$use$fp
    dgef.o(x$fpl$dgeqf) refers to dcmpin.o(.text) for __fpl_dcmp_InfNaN
    dlef.o(x$fpl$dleqf) refers (Special) to usenofp.o(x$fpl$usenofp) for __I$use$fp
    dlef.o(x$fpl$dleqf) refers to dcmpin.o(.text) for __fpl_dcmp_InfNaN
    __rtentry2.o(.ARM.Collect$$rtentry$$00000008) refers to boardinit2.o(.text) for _platform_post_stackheap_init
    __rtentry2.o(.ARM.Collect$$rtentry$$0000000A) refers to libinit.o(.ARM.Collect$$libinit$$00000000) for __rt_lib_init
    __rtentry2.o(.ARM.Collect$$rtentry$$0000000B) refers to boardinit3.o(.text) for _platform_post_lib_init
    __rtentry2.o(.ARM.Collect$$rtentry$$0000000D) refers to main.o(.text) for main
    __rtentry2.o(.ARM.Collect$$rtentry$$0000000D) refers to exit.o(.text) for exit
    __rtentry2.o(.ARM.exidx) refers to __rtentry2.o(.ARM.Collect$$rtentry$$00000001) for .ARM.Collect$$rtentry$$00000001
    __rtentry2.o(.ARM.exidx) refers to __rtentry2.o(.ARM.Collect$$rtentry$$00000008) for .ARM.Collect$$rtentry$$00000008
    __rtentry2.o(.ARM.exidx) refers to __rtentry2.o(.ARM.Collect$$rtentry$$0000000A) for .ARM.Collect$$rtentry$$0000000A
    __rtentry2.o(.ARM.exidx) refers to __rtentry2.o(.ARM.Collect$$rtentry$$0000000B) for .ARM.Collect$$rtentry$$0000000B
    __rtentry2.o(.ARM.exidx) refers to __rtentry2.o(.ARM.Collect$$rtentry$$0000000D) for .ARM.Collect$$rtentry$$0000000D
    __rtentry4.o(.ARM.Collect$$rtentry$$00000004) refers to sys_stackheap_outer.o(.text) for __user_setup_stackheap
    __rtentry4.o(.ARM.exidx) refers to __rtentry4.o(.ARM.Collect$$rtentry$$00000004) for .ARM.Collect$$rtentry$$00000004
    rt_div0.o(.text) refers to defsig_fpe_outer.o(.text) for __rt_SIGFPE
    dcmpin.o(.text) refers (Special) to usenofp.o(x$fpl$usenofp) for __I$use$fp
    dcmpin.o(.text) refers to cmpret.o(.text) for __fpl_cmpreturn
    dcmpin.o(.text) refers to dnan2.o(.text) for __fpl_dcheck_NaN2
    sys_stackheap_outer.o(.text) refers to libspace.o(.text) for __user_perproc_libspace
    sys_stackheap_outer.o(.text) refers to startup_mkl05z4.o(.text) for __user_initial_stackheap
    sys_stackheap_outer.o(__vectab_stack_and_reset_area) refers to tempstk.o(.text) for __temporary_stack_top
    sys_stackheap_outer.o(__vectab_stack_and_reset_area) refers to __main.o(!!!main) for __main
    exit.o(.text) refers to rtexit.o(.ARM.Collect$$rtexit$$00000000) for __rt_exit
    defsig_fpe_outer.o(.text) refers to defsig_fpe_inner.o(.text) for __rt_SIGFPE_inner
    defsig_fpe_outer.o(.text) refers to defsig_exit.o(.text) for __sig_exit
    defsig_fpe_formal.o(.text) refers to rt_raise.o(.text) for __rt_raise
    libinit.o(.ARM.Collect$$libinit$$00000000) refers (Special) to libinit2.o(.ARM.Collect$$libinit$$00000030) for __rt_lib_init_alloca_1
    libinit.o(.ARM.Collect$$libinit$$00000000) refers (Special) to libinit2.o(.ARM.Collect$$libinit$$0000002E) for __rt_lib_init_argv_1
    libinit.o(.ARM.Collect$$libinit$$00000000) refers (Special) to libinit2.o(.ARM.Collect$$libinit$$0000001D) for __rt_lib_init_atexit_1
    libinit.o(.ARM.Collect$$libinit$$00000000) refers (Special) to libinit2.o(.ARM.Collect$$libinit$$00000023) for __rt_lib_init_clock_1
    libinit.o(.ARM.Collect$$libinit$$00000000) refers (Special) to libinit2.o(.ARM.Collect$$libinit$$00000034) for __rt_lib_init_cpp_1
    libinit.o(.ARM.Collect$$libinit$$00000000) refers (Special) to libinit2.o(.ARM.Collect$$libinit$$00000032) for __rt_lib_init_exceptions_1
    libinit.o(.ARM.Collect$$libinit$$00000000) refers (Special) to libinit2.o(.ARM.Collect$$libinit$$00000002) for __rt_lib_init_fp_1
    libinit.o(.ARM.Collect$$libinit$$00000000) refers (Special) to libinit2.o(.ARM.Collect$$libinit$$00000021) for __rt_lib_init_fp_trap_1
    libinit.o(.ARM.Collect$$libinit$$00000000) refers (Special) to libinit2.o(.ARM.Collect$$libinit$$00000025) for __rt_lib_init_getenv_1
    libinit.o(.ARM.Collect$$libinit$$00000000) refers (Special) to libinit2.o(.ARM.Collect$$libinit$$0000000C) for __rt_lib_init_heap_1
    libinit.o(.ARM.Collect$$libinit$$00000000) refers (Special) to libinit2.o(.ARM.Collect$$libinit$$00000013) for __rt_lib_init_lc_collate_1
    libinit.o(.ARM.Collect$$libinit$$00000000) refers (Special) to libinit2.o(.ARM.Collect$$libinit$$00000015) for __rt_lib_init_lc_ctype_1
    libinit.o(.ARM.Collect$$libinit$$00000000) refers (Special) to libinit2.o(.ARM.Collect$$libinit$$00000017) for __rt_lib_init_lc_monetary_1
    libinit.o(.ARM.Collect$$libinit$$00000000) refers (Special) to libinit2.o(.ARM.Collect$$libinit$$00000019) for __rt_lib_init_lc_numeric_1
    libinit.o(.ARM.Collect$$libinit$$00000000) refers (Special) to libinit2.o(.ARM.Collect$$libinit$$0000001B) for __rt_lib_init_lc_time_1
    libinit.o(.ARM.Collect$$libinit$$00000000) refers (Special) to libinit2.o(.ARM.Collect$$libinit$$00000006) for __rt_lib_init_preinit_1
    libinit.o(.ARM.Collect$$libinit$$00000000) refers (Special) to libinit2.o(.ARM.Collect$$libinit$$00000010) for __rt_lib_init_rand_1
    libinit.o(.ARM.Collect$$libinit$$00000000) refers (Special) to libinit2.o(.ARM.Collect$$libinit$$00000004) for __rt_lib_init_relocate_pie_1
    libinit.o(.ARM.Collect$$libinit$$00000000) refers (Special) to libinit2.o(.ARM.Collect$$libinit$$00000035) for __rt_lib_init_return
    libinit.o(.ARM.Collect$$libinit$$00000000) refers (Special) to libinit2.o(.ARM.Collect$$libinit$$0000001F) for __rt_lib_init_signal_1
    libinit.o(.ARM.Collect$$libinit$$00000000) refers (Special) to libinit2.o(.ARM.Collect$$libinit$$00000027) for __rt_lib_init_stdio_1
    libinit.o(.ARM.Collect$$libinit$$00000000) refers (Special) to libinit2.o(.ARM.Collect$$libinit$$0000000E) for __rt_lib_init_user_alloc_1
    cmpret.o(.text) refers (Special) to usenofp.o(x$fpl$usenofp) for __I$use$fp
    dnan2.o(.text) refers (Special) to usenofp.o(x$fpl$usenofp) for __I$use$fp
    dnan2.o(.text) refers to retnan.o(.text) for __fpl_return_NaN
    libspace.o(.text) refers to libspace.o(.bss) for __libspace_start
    rtexit.o(.ARM.Collect$$rtexit$$00000000) refers (Special) to rtexit2.o(.ARM.Collect$$rtexit$$00000004) for __rt_exit_exit
    rtexit.o(.ARM.Collect$$rtexit$$00000000) refers (Special) to rtexit2.o(.ARM.Collect$$rtexit$$00000003) for __rt_exit_ls
    rtexit.o(.ARM.Collect$$rtexit$$00000000) refers (Special) to rtexit2.o(.ARM.Collect$$rtexit$$00000002) for __rt_exit_prels_1
    rtexit.o(.ARM.exidx) refers (Special) to rtexit2.o(.ARM.Collect$$rtexit$$00000004) for __rt_exit_exit
    rtexit.o(.ARM.exidx) refers (Special) to rtexit2.o(.ARM.Collect$$rtexit$$00000003) for __rt_exit_ls
    rtexit.o(.ARM.exidx) refers (Special) to rtexit2.o(.ARM.Collect$$rtexit$$00000002) for __rt_exit_prels_1
    rtexit.o(.ARM.exidx) refers to rtexit.o(.ARM.Collect$$rtexit$$00000000) for .ARM.Collect$$rtexit$$00000000
    rt_raise.o(.text) refers to __raise.o(.text) for __raise
    rt_raise.o(.text) refers to sys_exit.o(.text) for _sys_exit
    defsig_exit.o(.text) refers to sys_exit.o(.text) for _sys_exit
    defsig_fpe_inner.o(.text) refers to defsig_general.o(.text) for __default_signal_display
    libinit2.o(.ARM.Collect$$libinit$$00000012) refers to libinit2.o(.ARM.Collect$$libinit$$00000011) for .ARM.Collect$$libinit$$00000011
    libinit2.o(.ARM.Collect$$libinit$$00000014) refers to libinit2.o(.ARM.Collect$$libinit$$00000011) for .ARM.Collect$$libinit$$00000011
    libinit2.o(.ARM.Collect$$libinit$$00000016) refers to libinit2.o(.ARM.Collect$$libinit$$00000011) for .ARM.Collect$$libinit$$00000011
    libinit2.o(.ARM.Collect$$libinit$$00000018) refers to libinit2.o(.ARM.Collect$$libinit$$00000011) for .ARM.Collect$$libinit$$00000011
    libinit2.o(.ARM.Collect$$libinit$$0000001A) refers to libinit2.o(.ARM.Collect$$libinit$$00000011) for .ARM.Collect$$libinit$$00000011
    libinit2.o(.ARM.Collect$$libinit$$00000028) refers to argv_veneer.o(.text) for __ARM_argv_veneer
    libinit2.o(.ARM.Collect$$libinit$$00000029) refers to argv_veneer.o(.text) for __ARM_argv_veneer
    retnan.o(.text) refers (Special) to usenofp.o(x$fpl$usenofp) for __I$use$fp
    retnan.o(.text) refers to cmpret.o(.text) for __fpl_cmpreturn
    sys_exit.o(.text) refers (Special) to use_no_semi.o(.text) for __I$use$semihosting
    sys_exit.o(.text) refers (Special) to indicate_semi.o(.text) for __semihosting_library_function
    sys_exit_hlt.o(.text) refers (Special) to use_no_semi.o(.text) for __I$use$semihosting
    sys_exit_hlt.o(.text) refers (Special) to indicate_semi.o(.text) for __semihosting_library_function
    rtexit2.o(.ARM.Collect$$rtexit$$00000003) refers to libshutdown.o(.ARM.Collect$$libshutdown$$00000000) for __rt_lib_shutdown
    rtexit2.o(.ARM.Collect$$rtexit$$00000004) refers to sys_exit.o(.text) for _sys_exit
    rtexit2.o(.ARM.exidx) refers to rtexit2.o(.ARM.Collect$$rtexit$$00000001) for .ARM.Collect$$rtexit$$00000001
    rtexit2.o(.ARM.exidx) refers to rtexit2.o(.ARM.Collect$$rtexit$$00000003) for .ARM.Collect$$rtexit$$00000003
    rtexit2.o(.ARM.exidx) refers to rtexit2.o(.ARM.Collect$$rtexit$$00000004) for .ARM.Collect$$rtexit$$00000004
    __raise.o(.text) refers to defsig.o(CL$$defsig) for __default_signal_handler
    defsig_general.o(.text) refers to sys_wrch.o(.text) for _ttywrch
    sys_wrch.o(.text) refers (Special) to use_no_semi.o(.text) for __I$use$semihosting
    sys_wrch.o(.text) refers (Special) to indicate_semi.o(.text) for __semihosting_library_function
    sys_wrch_hlt.o(.text) refers (Special) to use_no_semi.o(.text) for __I$use$semihosting
    sys_wrch_hlt.o(.text) refers (Special) to indicate_semi.o(.text) for __semihosting_library_function
    defsig.o(CL$$defsig) refers to defsig_fpe_inner.o(.text) for __rt_SIGFPE_inner
    defsig.o(CL$$defsig) refers to defsig_rtmem_inner.o(.text) for __rt_SIGRTMEM_inner
    _get_argv_nomalloc.o(.text) refers (Special) to hrguard.o(.text) for __heap_region$guard
    _get_argv_nomalloc.o(.text) refers to defsig_rtmem_outer.o(.text) for __rt_SIGRTMEM
    _get_argv_nomalloc.o(.text) refers to sys_command.o(.text) for _sys_command_string
    libshutdown.o(.ARM.Collect$$libshutdown$$00000000) refers (Special) to libshutdown2.o(.ARM.Collect$$libshutdown$$00000002) for __rt_lib_shutdown_cpp_1
    libshutdown.o(.ARM.Collect$$libshutdown$$00000000) refers (Special) to libshutdown2.o(.ARM.Collect$$libshutdown$$00000007) for __rt_lib_shutdown_fp_trap_1
    libshutdown.o(.ARM.Collect$$libshutdown$$00000000) refers (Special) to libshutdown2.o(.ARM.Collect$$libshutdown$$0000000F) for __rt_lib_shutdown_heap_1
    libshutdown.o(.ARM.Collect$$libshutdown$$00000000) refers (Special) to libshutdown2.o(.ARM.Collect$$libshutdown$$00000010) for __rt_lib_shutdown_return
    libshutdown.o(.ARM.Collect$$libshutdown$$00000000) refers (Special) to libshutdown2.o(.ARM.Collect$$libshutdown$$0000000A) for __rt_lib_shutdown_signal_1
    libshutdown.o(.ARM.Collect$$libshutdown$$00000000) refers (Special) to libshutdown2.o(.ARM.Collect$$libshutdown$$00000004) for __rt_lib_shutdown_stdio_1
    libshutdown.o(.ARM.Collect$$libshutdown$$00000000) refers (Special) to libshutdown2.o(.ARM.Collect$$libshutdown$$0000000C) for __rt_lib_shutdown_user_alloc_1
    sys_command.o(.text) refers (Special) to use_no_semi.o(.text) for __I$use$semihosting
    sys_command.o(.text) refers (Special) to indicate_semi.o(.text) for __semihosting_library_function
    sys_command_hlt.o(.text) refers (Special) to use_no_semi.o(.text) for __I$use$semihosting
    sys_command_hlt.o(.text) refers (Special) to indicate_semi.o(.text) for __semihosting_library_function
    defsig_abrt_inner.o(.text) refers to defsig_general.o(.text) for __default_signal_display
    defsig_rtred_inner.o(.text) refers to defsig_general.o(.text) for __default_signal_display
    defsig_rtmem_inner.o(.text) refers to defsig_general.o(.text) for __default_signal_display
    defsig_rtmem_outer.o(.text) refers to defsig_rtmem_inner.o(.text) for __rt_SIGRTMEM_inner
    defsig_rtmem_outer.o(.text) refers to defsig_exit.o(.text) for __sig_exit
    defsig_rtmem_formal.o(.text) refers to rt_raise.o(.text) for __rt_raise
    defsig_stak_inner.o(.text) refers to defsig_general.o(.text) for __default_signal_display
    defsig_pvfn_inner.o(.text) refers to defsig_general.o(.text) for __default_signal_display
    defsig_cppl_inner.o(.text) refers to defsig_general.o(.text) for __default_signal_display
    defsig_segv_inner.o(.text) refers to defsig_general.o(.text) for __default_signal_display
    defsig_other.o(.text) refers to defsig_general.o(.text) for __default_signal_display


==============================================================================

Removing Unused input sections from the image.

    Removing adc.o(.ARM.exidx), (8 bytes).
    Removing dac.o(.ARM.exidx), (16 bytes).
    Removing i2c.o(.ARM.exidx), (160 bytes).
    Removing lcd1602.o(.ARM.exidx), (136 bytes).
    Removing lcd1602.o(.data.PL_CH_z__), (8 bytes).
    Removing main.o(.ARM.exidx), (24 bytes).
    Removing main.o(.ARM.use_no_argv), (4 bytes).
    Removing system_mkl05z4.o(.ARM.exidx), (16 bytes).

8 unused section(s) (total 372 bytes) removed from the image.

==============================================================================

Image Symbol Table

    Local Symbols

    Symbol Name                              Value     Ov Type        Size  Object(Section)

    ../clib/angel/boardlib.s                 0x00000000   Number         0  boardinit1.o ABSOLUTE
    ../clib/angel/boardlib.s                 0x00000000   Number         0  boardinit2.o ABSOLUTE
    ../clib/angel/boardlib.s                 0x00000000   Number         0  boardinit3.o ABSOLUTE
    ../clib/angel/boardlib.s                 0x00000000   Number         0  boardshut.o ABSOLUTE
    ../clib/angel/handlers.s                 0x00000000   Number         0  __scatter_copy.o ABSOLUTE
    ../clib/angel/handlers.s                 0x00000000   Number         0  __scatter_zi.o ABSOLUTE
    ../clib/angel/kernel.s                   0x00000000   Number         0  __rtentry.o ABSOLUTE
    ../clib/angel/kernel.s                   0x00000000   Number         0  __rtentry2.o ABSOLUTE
    ../clib/angel/kernel.s                   0x00000000   Number         0  __rtentry4.o ABSOLUTE
    ../clib/angel/kernel.s                   0x00000000   Number         0  rtexit.o ABSOLUTE
    ../clib/angel/kernel.s                   0x00000000   Number         0  rtexit2.o ABSOLUTE
    ../clib/angel/rt.s                       0x00000000   Number         0  aeabi_idiv0.o ABSOLUTE
    ../clib/angel/rt.s                       0x00000000   Number         0  aeabi_idiv0_sigfpe.o ABSOLUTE
    ../clib/angel/rt.s                       0x00000000   Number         0  rt_div0.o ABSOLUTE
    ../clib/angel/rt.s                       0x00000000   Number         0  rt_raise.o ABSOLUTE
    ../clib/angel/scatterp.s                 0x00000000   Number         0  __scatter.o ABSOLUTE
    ../clib/angel/startup.s                  0x00000000   Number         0  __main.o ABSOLUTE
    ../clib/angel/sys.s                      0x00000000   Number         0  sys_stackheap_outer.o ABSOLUTE
    ../clib/angel/sys.s                      0x00000000   Number         0  libspace.o ABSOLUTE
    ../clib/angel/sys.s                      0x00000000   Number         0  tempstk.o ABSOLUTE
    ../clib/angel/sys.s                      0x00000000   Number         0  use_no_semi.o ABSOLUTE
    ../clib/angel/sys.s                      0x00000000   Number         0  indicate_semi.o ABSOLUTE
    ../clib/angel/sysapp.c                   0x00000000   Number         0  sys_exit.o ABSOLUTE
    ../clib/angel/sysapp.c                   0x00000000   Number         0  sys_exit_hlt.o ABSOLUTE
    ../clib/angel/sysapp.c                   0x00000000   Number         0  sys_wrch.o ABSOLUTE
    ../clib/angel/sysapp.c                   0x00000000   Number         0  sys_wrch_hlt.o ABSOLUTE
    ../clib/angel/sysapp.c                   0x00000000   Number         0  sys_command.o ABSOLUTE
    ../clib/angel/sysapp.c                   0x00000000   Number         0  sys_command_hlt.o ABSOLUTE
    ../clib/armsys.c                         0x00000000   Number         0  argv_veneer.o ABSOLUTE
    ../clib/armsys.c                         0x00000000   Number         0  _get_argv_nomalloc.o ABSOLUTE
    ../clib/armsys.c                         0x00000000   Number         0  no_argv.o ABSOLUTE
    ../clib/division.c                       0x00000000   Number         0  rtudiv10.o ABSOLUTE
    ../clib/division.s                       0x00000000   Number         0  aeabi_sdivfast.o ABSOLUTE
    ../clib/division.s                       0x00000000   Number         0  aeabi_sdivfast_div0.o ABSOLUTE
    ../clib/heapalloc.c                      0x00000000   Number         0  hrguard.o ABSOLUTE
    ../clib/heapaux.c                        0x00000000   Number         0  heapauxi.o ABSOLUTE
    ../clib/libinit.s                        0x00000000   Number         0  libinit.o ABSOLUTE
    ../clib/libinit.s                        0x00000000   Number         0  libinit2.o ABSOLUTE
    ../clib/libinit.s                        0x00000000   Number         0  libshutdown.o ABSOLUTE
    ../clib/libinit.s                        0x00000000   Number         0  libshutdown2.o ABSOLUTE
    ../clib/memcpset.c                       0x00000000   Number         0  rt_memcpy.o ABSOLUTE
    ../clib/memcpset.c                       0x00000000   Number         0  rt_memcpy.o ABSOLUTE
    ../clib/memcpset.c                       0x00000000   Number         0  aeabi_memset.o ABSOLUTE
    ../clib/memcpset.c                       0x00000000   Number         0  rt_memclr.o ABSOLUTE
    ../clib/memcpset.s                       0x00000000   Number         0  strcmpv6m.o ABSOLUTE
    ../clib/misc.s                           0x00000000   Number         0  printf_stubs.o ABSOLUTE
    ../clib/printf.c                         0x00000000   Number         0  __2sprintf.o ABSOLUTE
    ../clib/printf.c                         0x00000000   Number         0  noretval__2sprintf.o ABSOLUTE
    ../clib/printf.c                         0x00000000   Number         0  __printf.o ABSOLUTE
    ../clib/printf.c                         0x00000000   Number         0  _printf_pad.o ABSOLUTE
    ../clib/printf.c                         0x00000000   Number         0  _printf_dec.o ABSOLUTE
    ../clib/printf.c                         0x00000000   Number         0  __printf_flags.o ABSOLUTE
    ../clib/printf.c                         0x00000000   Number         0  __printf_ss.o ABSOLUTE
    ../clib/printf.c                         0x00000000   Number         0  __printf_flags_ss.o ABSOLUTE
    ../clib/printf.c                         0x00000000   Number         0  __printf_wp.o ABSOLUTE
    ../clib/printf.c                         0x00000000   Number         0  __printf_flags_wp.o ABSOLUTE
    ../clib/printf.c                         0x00000000   Number         0  __printf_ss_wp.o ABSOLUTE
    ../clib/printf.c                         0x00000000   Number         0  __printf_flags_ss_wp.o ABSOLUTE
    ../clib/printf.c                         0x00000000   Number         0  _printf_intcommon.o ABSOLUTE
    ../clib/printf.c                         0x00000000   Number         0  _printf_char_common.o ABSOLUTE
    ../clib/printf.c                         0x00000000   Number         0  _sputc.o ABSOLUTE
    ../clib/printf.c                         0x00000000   Number         0  __printf_nopercent.o ABSOLUTE
    ../clib/printf_percent.s                 0x00000000   Number         0  _printf_d.o ABSOLUTE
    ../clib/printf_percent.s                 0x00000000   Number         0  _printf_percent.o ABSOLUTE
    ../clib/printf_percent.s                 0x00000000   Number         0  _printf_percent_end.o ABSOLUTE
    ../clib/signal.c                         0x00000000   Number         0  defsig_fpe_outer.o ABSOLUTE
    ../clib/signal.c                         0x00000000   Number         0  defsig_fpe_formal.o ABSOLUTE
    ../clib/signal.c                         0x00000000   Number         0  defsig_exit.o ABSOLUTE
    ../clib/signal.c                         0x00000000   Number         0  defsig_fpe_inner.o ABSOLUTE
    ../clib/signal.c                         0x00000000   Number         0  __raise.o ABSOLUTE
    ../clib/signal.c                         0x00000000   Number         0  defsig_general.o ABSOLUTE
    ../clib/signal.c                         0x00000000   Number         0  defsig_abrt_inner.o ABSOLUTE
    ../clib/signal.c                         0x00000000   Number         0  defsig_rtred_inner.o ABSOLUTE
    ../clib/signal.c                         0x00000000   Number         0  defsig_rtmem_inner.o ABSOLUTE
    ../clib/signal.c                         0x00000000   Number         0  defsig_rtmem_outer.o ABSOLUTE
    ../clib/signal.c                         0x00000000   Number         0  defsig_rtmem_formal.o ABSOLUTE
    ../clib/signal.c                         0x00000000   Number         0  defsig_stak_inner.o ABSOLUTE
    ../clib/signal.c                         0x00000000   Number         0  defsig_pvfn_inner.o ABSOLUTE
    ../clib/signal.c                         0x00000000   Number         0  defsig_cppl_inner.o ABSOLUTE
    ../clib/signal.c                         0x00000000   Number         0  defsig_segv_inner.o ABSOLUTE
    ../clib/signal.c                         0x00000000   Number         0  defsig_other.o ABSOLUTE
    ../clib/signal.s                         0x00000000   Number         0  defsig.o ABSOLUTE
    ../clib/stdlib.c                         0x00000000   Number         0  exit.o ABSOLUTE
    ../clib/string.c                         0x00000000   Number         0  memcmp.o ABSOLUTE
    ../fplib/cfplib/cmp.c                    0x00000000   Number         0  dcmp.o ABSOLUTE
    ../fplib/cfplib/cmpret.c                 0x00000000   Number         0  cmpret.o ABSOLUTE
    ../fplib/cfplib/dcmpin.c                 0x00000000   Number         0  dcmpin.o ABSOLUTE
    ../fplib/cfplib/f2d.c                    0x00000000   Number         0  f2d.o ABSOLUTE
    ../fplib/cfplib/fflt.c                   0x00000000   Number         0  fflti.o ABSOLUTE
    ../fplib/cfplib/fpinit.c                 0x00000000   Number         0  fpinit.o ABSOLUTE
    ../fplib/cfplib/nan2.c                   0x00000000   Number         0  dnan2.o ABSOLUTE
    ../fplib/cfplib/retnan.c                 0x00000000   Number         0  retnan.o ABSOLUTE
    ../fplib/deqf6m.s                        0x00000000   Number         0  deqf.o ABSOLUTE
    ../fplib/dgeqf6m.s                       0x00000000   Number         0  dgef.o ABSOLUTE
    ../fplib/dleqf6m.s                       0x00000000   Number         0  dlef.o ABSOLUTE
    ../fplib/fmul6m.s                        0x00000000   Number         0  fmul.o ABSOLUTE
    ../fplib/usenofp.s                       0x00000000   Number         0  usenofp.o ABSOLUTE
    ADC.c                                    0x00000000   Number         0  adc.o ABSOLUTE
    DAC.c                                    0x00000000   Number         0  dac.o ABSOLUTE
    RTE/Device/MKL05Z32xxx4/startup_MKL05Z4.s 0x00000000   Number         0  startup_mkl05z4.o ABSOLUTE
    dc.s                                     0x00000000   Number         0  dc.o ABSOLUTE
    i2c.c                                    0x00000000   Number         0  i2c.o ABSOLUTE
    lcd1602.c                                0x00000000   Number         0  lcd1602.o ABSOLUTE
    main.c                                   0x00000000   Number         0  main.o ABSOLUTE
    system_MKL05Z4.c                         0x00000000   Number         0  system_mkl05z4.o ABSOLUTE
    RESET                                    0x00000000   Section      192  startup_mkl05z4.o(RESET)
    !!!main                                  0x000000c0   Section        8  __main.o(!!!main)
    !!!scatter                               0x000000c8   Section       60  __scatter.o(!!!scatter)
    !!handler_copy                           0x00000104   Section       26  __scatter_copy.o(!!handler_copy)
    !!handler_zi                             0x00000120   Section       28  __scatter_zi.o(!!handler_zi)
    .ARM.Collect$$_printf_percent$$00000000  0x0000013c   Section        2  _printf_percent.o(.ARM.Collect$$_printf_percent$$00000000)
    .ARM.Collect$$_printf_percent$$00000009  0x0000013e   Section       10  _printf_d.o(.ARM.Collect$$_printf_percent$$00000009)
    .ARM.Collect$$_printf_percent$$00000017  0x00000148   Section        4  _printf_percent_end.o(.ARM.Collect$$_printf_percent$$00000017)
    .ARM.Collect$$libinit$$00000000          0x0000014c   Section        2  libinit.o(.ARM.Collect$$libinit$$00000000)
    .ARM.Collect$$libinit$$00000002          0x0000014e   Section        0  libinit2.o(.ARM.Collect$$libinit$$00000002)
    .ARM.Collect$$libinit$$00000004          0x0000014e   Section        0  libinit2.o(.ARM.Collect$$libinit$$00000004)
    .ARM.Collect$$libinit$$00000006          0x0000014e   Section        0  libinit2.o(.ARM.Collect$$libinit$$00000006)
    .ARM.Collect$$libinit$$0000000C          0x0000014e   Section        0  libinit2.o(.ARM.Collect$$libinit$$0000000C)
    .ARM.Collect$$libinit$$0000000E          0x0000014e   Section        0  libinit2.o(.ARM.Collect$$libinit$$0000000E)
    .ARM.Collect$$libinit$$00000010          0x0000014e   Section        0  libinit2.o(.ARM.Collect$$libinit$$00000010)
    .ARM.Collect$$libinit$$00000013          0x0000014e   Section        0  libinit2.o(.ARM.Collect$$libinit$$00000013)
    .ARM.Collect$$libinit$$00000015          0x0000014e   Section        0  libinit2.o(.ARM.Collect$$libinit$$00000015)
    .ARM.Collect$$libinit$$00000017          0x0000014e   Section        0  libinit2.o(.ARM.Collect$$libinit$$00000017)
    .ARM.Collect$$libinit$$00000019          0x0000014e   Section        0  libinit2.o(.ARM.Collect$$libinit$$00000019)
    .ARM.Collect$$libinit$$0000001B          0x0000014e   Section        0  libinit2.o(.ARM.Collect$$libinit$$0000001B)
    .ARM.Collect$$libinit$$0000001D          0x0000014e   Section        0  libinit2.o(.ARM.Collect$$libinit$$0000001D)
    .ARM.Collect$$libinit$$0000001F          0x0000014e   Section        0  libinit2.o(.ARM.Collect$$libinit$$0000001F)
    .ARM.Collect$$libinit$$00000021          0x0000014e   Section        0  libinit2.o(.ARM.Collect$$libinit$$00000021)
    .ARM.Collect$$libinit$$00000023          0x0000014e   Section        0  libinit2.o(.ARM.Collect$$libinit$$00000023)
    .ARM.Collect$$libinit$$00000025          0x0000014e   Section        0  libinit2.o(.ARM.Collect$$libinit$$00000025)
    .ARM.Collect$$libinit$$00000027          0x0000014e   Section        0  libinit2.o(.ARM.Collect$$libinit$$00000027)
    .ARM.Collect$$libinit$$0000002E          0x0000014e   Section        0  libinit2.o(.ARM.Collect$$libinit$$0000002E)
    .ARM.Collect$$libinit$$00000030          0x0000014e   Section        0  libinit2.o(.ARM.Collect$$libinit$$00000030)
    .ARM.Collect$$libinit$$00000032          0x0000014e   Section        0  libinit2.o(.ARM.Collect$$libinit$$00000032)
    .ARM.Collect$$libinit$$00000034          0x0000014e   Section        0  libinit2.o(.ARM.Collect$$libinit$$00000034)
    .ARM.Collect$$libinit$$00000035          0x0000014e   Section        2  libinit2.o(.ARM.Collect$$libinit$$00000035)
    .ARM.Collect$$libshutdown$$00000000      0x00000150   Section        2  libshutdown.o(.ARM.Collect$$libshutdown$$00000000)
    .ARM.Collect$$libshutdown$$00000002      0x00000152   Section        0  libshutdown2.o(.ARM.Collect$$libshutdown$$00000002)
    .ARM.Collect$$libshutdown$$00000004      0x00000152   Section        0  libshutdown2.o(.ARM.Collect$$libshutdown$$00000004)
    .ARM.Collect$$libshutdown$$00000007      0x00000152   Section        0  libshutdown2.o(.ARM.Collect$$libshutdown$$00000007)
    .ARM.Collect$$libshutdown$$0000000A      0x00000152   Section        0  libshutdown2.o(.ARM.Collect$$libshutdown$$0000000A)
    .ARM.Collect$$libshutdown$$0000000C      0x00000152   Section        0  libshutdown2.o(.ARM.Collect$$libshutdown$$0000000C)
    .ARM.Collect$$libshutdown$$0000000F      0x00000152   Section        0  libshutdown2.o(.ARM.Collect$$libshutdown$$0000000F)
    .ARM.Collect$$libshutdown$$00000010      0x00000152   Section        2  libshutdown2.o(.ARM.Collect$$libshutdown$$00000010)
    .ARM.Collect$$rtentry$$00000000          0x00000154   Section        0  __rtentry.o(.ARM.Collect$$rtentry$$00000000)
    .ARM.Collect$$rtentry$$00000002          0x00000154   Section        0  __rtentry2.o(.ARM.Collect$$rtentry$$00000002)
    .ARM.Collect$$rtentry$$00000004          0x00000154   Section        6  __rtentry4.o(.ARM.Collect$$rtentry$$00000004)
    .ARM.Collect$$rtentry$$00000009          0x0000015a   Section        0  __rtentry2.o(.ARM.Collect$$rtentry$$00000009)
    .ARM.Collect$$rtentry$$0000000A          0x0000015a   Section        4  __rtentry2.o(.ARM.Collect$$rtentry$$0000000A)
    .ARM.Collect$$rtentry$$0000000C          0x0000015e   Section        0  __rtentry2.o(.ARM.Collect$$rtentry$$0000000C)
    .ARM.Collect$$rtentry$$0000000D          0x0000015e   Section        8  __rtentry2.o(.ARM.Collect$$rtentry$$0000000D)
    .ARM.Collect$$rtexit$$00000000           0x00000166   Section        2  rtexit.o(.ARM.Collect$$rtexit$$00000000)
    .ARM.Collect$$rtexit$$00000002           0x00000168   Section        0  rtexit2.o(.ARM.Collect$$rtexit$$00000002)
    .ARM.Collect$$rtexit$$00000003           0x00000168   Section        4  rtexit2.o(.ARM.Collect$$rtexit$$00000003)
    .ARM.Collect$$rtexit$$00000004           0x0000016c   Section        6  rtexit2.o(.ARM.Collect$$rtexit$$00000004)
    .emb_text                                0x00000174   Section       56  rt_memcpy.o(.emb_text)
    [Anonymous Symbol]                       0x000001ac   Section        0  adc.o(.text)
    __arm_cp.0_1                             0x00000250   Number         4  adc.o(.text)
    __arm_cp.0_2                             0x00000254   Number         4  adc.o(.text)
    __arm_cp.0_3                             0x00000258   Number         4  adc.o(.text)
    __arm_cp.0_4                             0x0000025c   Number         4  adc.o(.text)
    [Anonymous Symbol]                       0x00000260   Section        0  dac.o(.text)
    __arm_cp.0_0                             0x00000280   Number         4  dac.o(.text)
    __arm_cp.0_1                             0x00000284   Number         4  dac.o(.text)
    __arm_cp.1_0                             0x000002a8   Number         4  dac.o(.text)
    __arm_cp.1_1                             0x000002ac   Number         4  dac.o(.text)
    .text                                    0x000002b0   Section       52  startup_mkl05z4.o(.text)
    [Anonymous Symbol]                       0x000002e4   Section        0  system_mkl05z4.o(.text)
    __arm_cp.0_0                             0x00000320   Number         4  system_mkl05z4.o(.text)
    __arm_cp.0_1                             0x00000324   Number         4  system_mkl05z4.o(.text)
    __arm_cp.0_2                             0x00000328   Number         4  system_mkl05z4.o(.text)
    __arm_cp.0_3                             0x0000032c   Number         4  system_mkl05z4.o(.text)
    __arm_cp.1_0                             0x000003d0   Number         4  system_mkl05z4.o(.text)
    __arm_cp.1_1                             0x000003d4   Number         4  system_mkl05z4.o(.text)
    __arm_cp.1_2                             0x000003d8   Number         4  system_mkl05z4.o(.text)
    __arm_cp.1_3                             0x000003dc   Number         4  system_mkl05z4.o(.text)
    __arm_cp.1_4                             0x000003e0   Number         4  system_mkl05z4.o(.text)
    __arm_cp.1_5                             0x000003e4   Number         4  system_mkl05z4.o(.text)
    .text                                    0x000003e8   Section        0  aeabi_memset.o(.text)
    .text                                    0x000003fa   Section        2  use_no_semi.o(.text)
    .text                                    0x000003fc   Section        0  indicate_semi.o(.text)
    x$fpl$usenofp                            0x000003fc   Section        0  usenofp.o(x$fpl$usenofp)
    .ARM.__at_0x400                          0x00000400   Section       16  startup_mkl05z4.o(.ARM.__at_0x400)
    [Anonymous Symbol]                       0x00000410   Section        0  i2c.o(.text)
    __arm_cp.0_0                             0x00000450   Number         4  i2c.o(.text)
    __arm_cp.0_1                             0x00000454   Number         4  i2c.o(.text)
    __arm_cp.0_2                             0x00000458   Number         4  i2c.o(.text)
    __arm_cp.1_0                             0x000004d8   Number         4  i2c.o(.text)
    __arm_cp.1_1                             0x000004dc   Number         4  i2c.o(.text)
    __arm_cp.1_2                             0x000004e0   Number         4  i2c.o(.text)
    __arm_cp.2_0                             0x000004f0   Number         4  i2c.o(.text)
    __arm_cp.3_0                             0x00000500   Number         4  i2c.o(.text)
    __arm_cp.4_0                             0x00000510   Number         4  i2c.o(.text)
    __arm_cp.5_0                             0x0000051c   Number         4  i2c.o(.text)
    __arm_cp.6_0                             0x0000056c   Number         4  i2c.o(.text)
    __arm_cp.6_1                             0x00000570   Number         4  i2c.o(.text)
    __arm_cp.6_2                             0x00000574   Number         4  i2c.o(.text)
    __arm_cp.7_0                             0x00000584   Number         4  i2c.o(.text)
    __arm_cp.8_0                             0x00000594   Number         4  i2c.o(.text)
    __arm_cp.9_0                             0x00000650   Number         4  i2c.o(.text)
    __arm_cp.9_1                             0x00000654   Number         4  i2c.o(.text)
    __arm_cp.9_2                             0x00000658   Number         4  i2c.o(.text)
    __arm_cp.10_0                            0x00000730   Number         4  i2c.o(.text)
    __arm_cp.10_1                            0x00000734   Number         4  i2c.o(.text)
    __arm_cp.10_2                            0x00000738   Number         4  i2c.o(.text)
    __arm_cp.10_3                            0x0000073c   Number         4  i2c.o(.text)
    __arm_cp.11_0                            0x0000074c   Number         4  i2c.o(.text)
    __arm_cp.12_0                            0x0000075c   Number         4  i2c.o(.text)
    __arm_cp.13_0                            0x00000768   Number         4  i2c.o(.text)
    __arm_cp.14_0                            0x0000086c   Number         4  i2c.o(.text)
    __arm_cp.14_1                            0x00000870   Number         4  i2c.o(.text)
    __arm_cp.14_2                            0x00000874   Number         4  i2c.o(.text)
    __arm_cp.15_0                            0x000009f4   Number         4  i2c.o(.text)
    __arm_cp.15_1                            0x000009f8   Number         4  i2c.o(.text)
    __arm_cp.15_2                            0x000009fc   Number         4  i2c.o(.text)
    __arm_cp.15_3                            0x00000a00   Number         4  i2c.o(.text)
    __arm_cp.16_0                            0x00000a10   Number         4  i2c.o(.text)
    __arm_cp.17_0                            0x00000a28   Number         4  i2c.o(.text)
    __arm_cp.18_0                            0x00000c8c   Number         4  i2c.o(.text)
    __arm_cp.18_1                            0x00000c90   Number         4  i2c.o(.text)
    __arm_cp.18_2                            0x00000c94   Number         4  i2c.o(.text)
    __arm_cp.18_3                            0x00000c98   Number         4  i2c.o(.text)
    __arm_cp.19_0                            0x00000ca8   Number         4  i2c.o(.text)
    [Anonymous Symbol]                       0x00000cac   Section        0  lcd1602.o(.text)
    __arm_cp.0_0                             0x00000d14   Number         4  lcd1602.o(.text)
    __arm_cp.0_1                             0x00000d18   Number         4  lcd1602.o(.text)
    __arm_cp.1_0                             0x00000d44   Number         4  lcd1602.o(.text)
    __arm_cp.2_0                             0x00000df4   Number         4  lcd1602.o(.text)
    __arm_cp.2_1                             0x00000df8   Number         4  lcd1602.o(.text)
    __arm_cp.2_2                             0x00000dfc   Number         4  lcd1602.o(.text)
    __arm_cp.11_0                            0x00000fb4   Number         4  lcd1602.o(.text)
    __arm_cp.11_1                            0x00000fb8   Number         4  lcd1602.o(.text)
    __arm_cp.12_0                            0x00000fe0   Number         4  lcd1602.o(.text)
    __arm_cp.12_1                            0x00000fe4   Number         4  lcd1602.o(.text)
    __arm_cp.13_0                            0x00001040   Number         4  lcd1602.o(.text)
    __arm_cp.13_1                            0x00001044   Number         4  lcd1602.o(.text)
    __arm_cp.13_2                            0x00001048   Number         4  lcd1602.o(.text)
    __arm_cp.14_0                            0x00001114   Number         4  lcd1602.o(.text)
    __arm_cp.14_1                            0x00001118   Number         4  lcd1602.o(.text)
    __arm_cp.15_0                            0x00001214   Number         4  lcd1602.o(.text)
    __arm_cp.15_1                            0x00001218   Number         4  lcd1602.o(.text)
    __arm_cp.15_2                            0x0000121c   Number         4  lcd1602.o(.text)
    __arm_cp.15_3                            0x00001220   Number         4  lcd1602.o(.text)
    __arm_cp.15_4                            0x00001224   Number         4  lcd1602.o(.text)
    __arm_cp.15_5                            0x00001228   Number         4  lcd1602.o(.text)
    __arm_cp.15_6                            0x0000122c   Number         4  lcd1602.o(.text)
    __arm_cp.15_7                            0x00001230   Number         4  lcd1602.o(.text)
    [Anonymous Symbol]                       0x000012bc   Section        0  main.o(.text)
    __arm_cp.0_0                             0x000012d8   Number         4  main.o(.text)
    __arm_cp.0_1                             0x000012dc   Number         4  main.o(.text)
    __arm_cp.1_0                             0x00001314   Number         4  main.o(.text)
    __arm_cp.1_1                             0x00001318   Number         4  main.o(.text)
    __arm_cp.1_2                             0x0000131c   Number         4  main.o(.text)
    __arm_cp.1_3                             0x00001320   Number         4  main.o(.text)
    __arm_cp.1_4                             0x00001324   Number         4  main.o(.text)
    __arm_cp.2_0                             0x0000166c   Number         4  main.o(.text)
    __arm_cp.2_1                             0x00001670   Number         4  main.o(.text)
    __arm_cp.2_2                             0x00001674   Number         4  main.o(.text)
    __arm_cp.2_3                             0x00001678   Number         4  main.o(.text)
    __arm_cp.2_4                             0x0000167c   Number         4  main.o(.text)
    __arm_cp.2_5                             0x00001680   Number         4  main.o(.text)
    __arm_cp.2_8                             0x000016a4   Number         4  main.o(.text)
    __arm_cp.2_9                             0x000016a8   Number         4  main.o(.text)
    __arm_cp.2_10                            0x000016ac   Number         4  main.o(.text)
    __arm_cp.2_11                            0x000016b0   Number         4  main.o(.text)
    __arm_cp.2_12                            0x000016b4   Number         4  main.o(.text)
    __arm_cp.2_13                            0x000016b8   Number         4  main.o(.text)
    __arm_cp.2_14                            0x000016bc   Number         4  main.o(.text)
    __arm_cp.2_15                            0x000016c0   Number         4  main.o(.text)
    __arm_cp.2_16                            0x000016c4   Number         4  main.o(.text)
    __arm_cp.2_18                            0x000016d0   Number         4  main.o(.text)
    __arm_cp.2_19                            0x000016d4   Number         4  main.o(.text)
    __arm_cp.2_20                            0x000016d8   Number         4  main.o(.text)
    __arm_cp.2_23                            0x000016f4   Number         4  main.o(.text)
    __arm_cp.2_24                            0x000016f8   Number         4  main.o(.text)
    __arm_cp.2_25                            0x000016fc   Number         4  main.o(.text)
    .text                                    0x00001700   Section        0  noretval__2sprintf.o(.text)
    .text                                    0x00001728   Section        0  _printf_pad.o(.text)
    .text                                    0x00001778   Section        0  _printf_dec.o(.text)
    .text                                    0x000017e4   Section        0  __printf_flags_wp.o(.text)
    .text                                    0x0000191c   Section        0  memcmp.o(.text)
    .text                                    0x00001976   Section        0  rt_memcpy.o(.text)
    .text                                    0x000019f8   Section        0  rt_memclr.o(.text)
    .text                                    0x00001a38   Section      176  strcmpv6m.o(.text)
    .text                                    0x00001ae8   Section        0  heapauxi.o(.text)
    .text                                    0x00001af0   Section        0  f2d.o(.text)
    .text                                    0x00001b44   Section        0  fflti.o(.text)
    .text                                    0x00001ba2   Section        0  _printf_intcommon.o(.text)
    _printf_input_char                       0x00001c55   Thumb Code    10  _printf_char_common.o(.text)
    .text                                    0x00001c54   Section        0  _printf_char_common.o(.text)
    .text                                    0x00001c84   Section        0  _sputc.o(.text)
    .text                                    0x00001c8e   Section        0  rtudiv10.o(.text)
    .text                                    0x00001cb8   Section        0  dcmpin.o(.text)
    .text                                    0x00001d58   Section       62  sys_stackheap_outer.o(.text)
    .text                                    0x00001d96   Section        0  exit.o(.text)
    .text                                    0x00001da6   Section        0  cmpret.o(.text)
    .text                                    0x00001dd4   Section        0  dnan2.o(.text)
    .text                                    0x00001de8   Section        8  libspace.o(.text)
    .text                                    0x00001df0   Section        0  retnan.o(.text)
    .text                                    0x00001e50   Section        0  sys_exit.o(.text)
    .text_divfast                            0x00001e5c   Section      502  aeabi_sdivfast.o(.text_divfast)
    i._dgeq                                  0x00002052   Section        0  dcmp.o(i._dgeq)
    i._dls                                   0x00002068   Section        0  dcmp.o(i._dls)
    i._is_digit                              0x0000207e   Section        0  __printf_wp.o(i._is_digit)
    x$fpl$dgeqf                              0x0000208c   Section      100  dgef.o(x$fpl$dgeqf)
    x$fpl$dleqf                              0x000020f0   Section      100  dlef.o(x$fpl$dleqf)
    x$fpl$fmul                               0x00002154   Section      176  fmul.o(x$fpl$fmul)
    maptable                                 0x00002204   Data          17  __printf_flags_wp.o(.constdata)
    .constdata                               0x00002204   Section       17  __printf_flags_wp.o(.constdata)
    [Anonymous Symbol]                       0x00002215   Section        0  main.o(.rodata.str1.1)
    lcd_backlight                            0x1ffffc48   Data           1  lcd1602.o(.data.lcd_backlight)
    [Anonymous Symbol]                       0x1ffffc48   Section        0  lcd1602.o(.data.lcd_backlight)
    .bss                                     0x1ffffcb8   Section       96  libspace.o(.bss)
    error                                    0x1ffffd21   Data           1  i2c.o(.bss.error)
    [Anonymous Symbol]                       0x1ffffd21   Section        0  i2c.o(.bss.error)
    pcf_address                              0x1ffffd2c   Data           1  lcd1602.o(.bss.pcf_address)
    [Anonymous Symbol]                       0x1ffffd2c   Section        0  lcd1602.o(.bss.pcf_address)
    Heap_Mem                                 0x1ffffd88   Data           0  startup_mkl05z4.o(HEAP)
    Stack_Mem                                0x1ffffd88   Data         768  startup_mkl05z4.o(STACK)
    HEAP                                     0x1ffffd88   Section        0  startup_mkl05z4.o(HEAP)
    STACK                                    0x1ffffd88   Section      768  startup_mkl05z4.o(STACK)
    __initial_sp                             0x20000088   Data           0  startup_mkl05z4.o(STACK)

    Global Symbols

    Symbol Name                              Value     Ov Type        Size  Object(Section)

    BuildAttributes$$THM_ISAv3M$S$PE$A:L22$X:L11$S22$IEEE1$IW$~IW$USESV6$~STKCKD$USESV7$~SHL$OTIME$ROPI$EBA8$UX$STANDARDLIB$REQ8$PRES8$EABIv2 0x00000000   Number         0  anon$$obj.o ABSOLUTE
    __Vectors                                0x00000000   Data           4  startup_mkl05z4.o(RESET)
    _printf_flags                            0x00000000   Number         0  printf_stubs.o ABSOLUTE
    _printf_return_value                     0x00000000   Number         0  printf_stubs.o ABSOLUTE
    _printf_sizespec                         0x00000000   Number         0  printf_stubs.o ABSOLUTE
    _printf_widthprec                        0x00000000   Number         0  printf_stubs.o ABSOLUTE
    __ARM_exceptions_init                     - Undefined Weak Reference
    __alloca_initialize                       - Undefined Weak Reference
    __arm_preinit_                            - Undefined Weak Reference
    __arm_relocate_pie_                       - Undefined Weak Reference
    __cpp_initialize__aeabi_                  - Undefined Weak Reference
    __cxa_finalize                            - Undefined Weak Reference
    __rt_locale                               - Undefined Weak Reference
    __sigvec_lookup                           - Undefined Weak Reference
    _atexit_init                              - Undefined Weak Reference
    _call_atexit_fns                          - Undefined Weak Reference
    _clock_init                               - Undefined Weak Reference
    _fp_trap_init                             - Undefined Weak Reference
    _fp_trap_shutdown                         - Undefined Weak Reference
    _get_lc_collate                           - Undefined Weak Reference
    _get_lc_ctype                             - Undefined Weak Reference
    _get_lc_monetary                          - Undefined Weak Reference
    _get_lc_numeric                           - Undefined Weak Reference
    _get_lc_time                              - Undefined Weak Reference
    _getenv_init                              - Undefined Weak Reference
    _handle_redirection                       - Undefined Weak Reference
    _init_alloc                               - Undefined Weak Reference
    _init_user_alloc                          - Undefined Weak Reference
    _initio                                   - Undefined Weak Reference
    _printf_truncate_signed                   - Undefined Weak Reference
    _printf_truncate_unsigned                 - Undefined Weak Reference
    _rand_init                                - Undefined Weak Reference
    _signal_finish                            - Undefined Weak Reference
    _signal_init                              - Undefined Weak Reference
    _terminate_alloc                          - Undefined Weak Reference
    _terminate_user_alloc                     - Undefined Weak Reference
    _terminateio                              - Undefined Weak Reference
    __Vectors_End                            0x000000c0   Data           0  startup_mkl05z4.o(RESET)
    __Vectors_Size                           0x000000c0   Number         0  startup_mkl05z4.o ABSOLUTE
    __main                                   0x000000c1   Thumb Code     8  __main.o(!!!main)
    __scatterload                            0x000000c9   Thumb Code     0  __scatter.o(!!!scatter)
    __scatterload_rt2                        0x000000c9   Thumb Code    52  __scatter.o(!!!scatter)
    __scatterload_rt2_thumb_only             0x000000c9   Thumb Code     0  __scatter.o(!!!scatter)
    __scatterload_null                       0x000000d9   Thumb Code     0  __scatter.o(!!!scatter)
    __scatterload_copy                       0x00000105   Thumb Code    26  __scatter_copy.o(!!handler_copy)
    __scatterload_zeroinit                   0x00000121   Thumb Code    28  __scatter_zi.o(!!handler_zi)
    _printf_percent                          0x0000013d   Thumb Code     0  _printf_percent.o(.ARM.Collect$$_printf_percent$$00000000)
    _printf_d                                0x0000013f   Thumb Code     0  _printf_d.o(.ARM.Collect$$_printf_percent$$00000009)
    _printf_percent_end                      0x00000149   Thumb Code     0  _printf_percent_end.o(.ARM.Collect$$_printf_percent$$00000017)
    __rt_lib_init                            0x0000014d   Thumb Code     0  libinit.o(.ARM.Collect$$libinit$$00000000)
    __rt_lib_init_alloca_1                   0x0000014f   Thumb Code     0  libinit2.o(.ARM.Collect$$libinit$$00000030)
    __rt_lib_init_argv_1                     0x0000014f   Thumb Code     0  libinit2.o(.ARM.Collect$$libinit$$0000002E)
    __rt_lib_init_atexit_1                   0x0000014f   Thumb Code     0  libinit2.o(.ARM.Collect$$libinit$$0000001D)
    __rt_lib_init_clock_1                    0x0000014f   Thumb Code     0  libinit2.o(.ARM.Collect$$libinit$$00000023)
    __rt_lib_init_cpp_1                      0x0000014f   Thumb Code     0  libinit2.o(.ARM.Collect$$libinit$$00000034)
    __rt_lib_init_exceptions_1               0x0000014f   Thumb Code     0  libinit2.o(.ARM.Collect$$libinit$$00000032)
    __rt_lib_init_fp_1                       0x0000014f   Thumb Code     0  libinit2.o(.ARM.Collect$$libinit$$00000002)
    __rt_lib_init_fp_trap_1                  0x0000014f   Thumb Code     0  libinit2.o(.ARM.Collect$$libinit$$00000021)
    __rt_lib_init_getenv_1                   0x0000014f   Thumb Code     0  libinit2.o(.ARM.Collect$$libinit$$00000025)
    __rt_lib_init_heap_1                     0x0000014f   Thumb Code     0  libinit2.o(.ARM.Collect$$libinit$$0000000C)
    __rt_lib_init_lc_collate_1               0x0000014f   Thumb Code     0  libinit2.o(.ARM.Collect$$libinit$$00000013)
    __rt_lib_init_lc_ctype_1                 0x0000014f   Thumb Code     0  libinit2.o(.ARM.Collect$$libinit$$00000015)
    __rt_lib_init_lc_monetary_1              0x0000014f   Thumb Code     0  libinit2.o(.ARM.Collect$$libinit$$00000017)
    __rt_lib_init_lc_numeric_1               0x0000014f   Thumb Code     0  libinit2.o(.ARM.Collect$$libinit$$00000019)
    __rt_lib_init_lc_time_1                  0x0000014f   Thumb Code     0  libinit2.o(.ARM.Collect$$libinit$$0000001B)
    __rt_lib_init_preinit_1                  0x0000014f   Thumb Code     0  libinit2.o(.ARM.Collect$$libinit$$00000006)
    __rt_lib_init_rand_1                     0x0000014f   Thumb Code     0  libinit2.o(.ARM.Collect$$libinit$$00000010)
    __rt_lib_init_relocate_pie_1             0x0000014f   Thumb Code     0  libinit2.o(.ARM.Collect$$libinit$$00000004)
    __rt_lib_init_return                     0x0000014f   Thumb Code     0  libinit2.o(.ARM.Collect$$libinit$$00000035)
    __rt_lib_init_signal_1                   0x0000014f   Thumb Code     0  libinit2.o(.ARM.Collect$$libinit$$0000001F)
    __rt_lib_init_stdio_1                    0x0000014f   Thumb Code     0  libinit2.o(.ARM.Collect$$libinit$$00000027)
    __rt_lib_init_user_alloc_1               0x0000014f   Thumb Code     0  libinit2.o(.ARM.Collect$$libinit$$0000000E)
    __rt_lib_shutdown                        0x00000151   Thumb Code     0  libshutdown.o(.ARM.Collect$$libshutdown$$00000000)
    __rt_lib_shutdown_cpp_1                  0x00000153   Thumb Code     0  libshutdown2.o(.ARM.Collect$$libshutdown$$00000002)
    __rt_lib_shutdown_fp_trap_1              0x00000153   Thumb Code     0  libshutdown2.o(.ARM.Collect$$libshutdown$$00000007)
    __rt_lib_shutdown_heap_1                 0x00000153   Thumb Code     0  libshutdown2.o(.ARM.Collect$$libshutdown$$0000000F)
    __rt_lib_shutdown_return                 0x00000153   Thumb Code     0  libshutdown2.o(.ARM.Collect$$libshutdown$$00000010)
    __rt_lib_shutdown_signal_1               0x00000153   Thumb Code     0  libshutdown2.o(.ARM.Collect$$libshutdown$$0000000A)
    __rt_lib_shutdown_stdio_1                0x00000153   Thumb Code     0  libshutdown2.o(.ARM.Collect$$libshutdown$$00000004)
    __rt_lib_shutdown_user_alloc_1           0x00000153   Thumb Code     0  libshutdown2.o(.ARM.Collect$$libshutdown$$0000000C)
    __rt_entry                               0x00000155   Thumb Code     0  __rtentry.o(.ARM.Collect$$rtentry$$00000000)
    __rt_entry_presh_1                       0x00000155   Thumb Code     0  __rtentry2.o(.ARM.Collect$$rtentry$$00000002)
    __rt_entry_sh                            0x00000155   Thumb Code     0  __rtentry4.o(.ARM.Collect$$rtentry$$00000004)
    __rt_entry_li                            0x0000015b   Thumb Code     0  __rtentry2.o(.ARM.Collect$$rtentry$$0000000A)
    __rt_entry_postsh_1                      0x0000015b   Thumb Code     0  __rtentry2.o(.ARM.Collect$$rtentry$$00000009)
    __rt_entry_main                          0x0000015f   Thumb Code     0  __rtentry2.o(.ARM.Collect$$rtentry$$0000000D)
    __rt_entry_postli_1                      0x0000015f   Thumb Code     0  __rtentry2.o(.ARM.Collect$$rtentry$$0000000C)
    __rt_exit                                0x00000167   Thumb Code     0  rtexit.o(.ARM.Collect$$rtexit$$00000000)
    __rt_exit_ls                             0x00000169   Thumb Code     0  rtexit2.o(.ARM.Collect$$rtexit$$00000003)
    __rt_exit_prels_1                        0x00000169   Thumb Code     0  rtexit2.o(.ARM.Collect$$rtexit$$00000002)
    __rt_exit_exit                           0x0000016d   Thumb Code     0  rtexit2.o(.ARM.Collect$$rtexit$$00000004)
    __aeabi_memcpy4                          0x00000175   Thumb Code    56  rt_memcpy.o(.emb_text)
    __aeabi_memcpy8                          0x00000175   Thumb Code     0  rt_memcpy.o(.emb_text)
    ADC_Init                                 0x000001ad   Thumb Code   164  adc.o(.text)
    DAC_Init                                 0x00000261   Thumb Code    32  dac.o(.text)
    DAC_Load_Trig                            0x00000289   Thumb Code    32  dac.o(.text)
    Reset_Handler                            0x000002b1   Thumb Code     8  startup_mkl05z4.o(.text)
    NMI_Handler                              0x000002b9   Thumb Code     2  startup_mkl05z4.o(.text)
    HardFault_Handler                        0x000002bb   Thumb Code     2  startup_mkl05z4.o(.text)
    SVC_Handler                              0x000002bd   Thumb Code     2  startup_mkl05z4.o(.text)
    PendSV_Handler                           0x000002bf   Thumb Code     2  startup_mkl05z4.o(.text)
    CMP0_IRQHandler                          0x000002c3   Thumb Code     0  startup_mkl05z4.o(.text)
    DAC0_IRQHandler                          0x000002c3   Thumb Code     0  startup_mkl05z4.o(.text)
    DMA0_IRQHandler                          0x000002c3   Thumb Code     0  startup_mkl05z4.o(.text)
    DMA1_IRQHandler                          0x000002c3   Thumb Code     0  startup_mkl05z4.o(.text)
    DMA2_IRQHandler                          0x000002c3   Thumb Code     0  startup_mkl05z4.o(.text)
    DMA3_IRQHandler                          0x000002c3   Thumb Code     0  startup_mkl05z4.o(.text)
    DefaultISR                               0x000002c3   Thumb Code     0  startup_mkl05z4.o(.text)
    FTFA_IRQHandler                          0x000002c3   Thumb Code     0  startup_mkl05z4.o(.text)
    I2C0_IRQHandler                          0x000002c3   Thumb Code     0  startup_mkl05z4.o(.text)
    LLW_IRQHandler                           0x000002c3   Thumb Code     0  startup_mkl05z4.o(.text)
    LPTimer_IRQHandler                       0x000002c3   Thumb Code     0  startup_mkl05z4.o(.text)
    LVD_LVW_IRQHandler                       0x000002c3   Thumb Code     0  startup_mkl05z4.o(.text)
    MCG_IRQHandler                           0x000002c3   Thumb Code     0  startup_mkl05z4.o(.text)
    PIT_IRQHandler                           0x000002c3   Thumb Code     0  startup_mkl05z4.o(.text)
    PORTA_IRQHandler                         0x000002c3   Thumb Code     0  startup_mkl05z4.o(.text)
    PORTB_IRQHandler                         0x000002c3   Thumb Code     0  startup_mkl05z4.o(.text)
    RTC_IRQHandler                           0x000002c3   Thumb Code     0  startup_mkl05z4.o(.text)
    RTC_Seconds_IRQHandler                   0x000002c3   Thumb Code     0  startup_mkl05z4.o(.text)
    Reserved20_IRQHandler                    0x000002c3   Thumb Code     0  startup_mkl05z4.o(.text)
    Reserved25_IRQHandler                    0x000002c3   Thumb Code     0  startup_mkl05z4.o(.text)
    Reserved27_IRQHandler                    0x000002c3   Thumb Code     0  startup_mkl05z4.o(.text)
    Reserved29_IRQHandler                    0x000002c3   Thumb Code     0  startup_mkl05z4.o(.text)
    Reserved30_IRQHandler                    0x000002c3   Thumb Code     0  startup_mkl05z4.o(.text)
    Reserved35_IRQHandler                    0x000002c3   Thumb Code     0  startup_mkl05z4.o(.text)
    Reserved39_IRQHandler                    0x000002c3   Thumb Code     0  startup_mkl05z4.o(.text)
    Reserved40_IRQHandler                    0x000002c3   Thumb Code     0  startup_mkl05z4.o(.text)
    Reserved45_IRQHandler                    0x000002c3   Thumb Code     0  startup_mkl05z4.o(.text)
    SPI0_IRQHandler                          0x000002c3   Thumb Code     0  startup_mkl05z4.o(.text)
    TPM0_IRQHandler                          0x000002c3   Thumb Code     0  startup_mkl05z4.o(.text)
    TPM1_IRQHandler                          0x000002c3   Thumb Code     0  startup_mkl05z4.o(.text)
    TSI0_IRQHandler                          0x000002c3   Thumb Code     0  startup_mkl05z4.o(.text)
    UART0_IRQHandler                         0x000002c3   Thumb Code     0  startup_mkl05z4.o(.text)
    __user_initial_stackheap                 0x000002c5   Thumb Code     0  startup_mkl05z4.o(.text)
    SystemInit                               0x000002e5   Thumb Code    60  system_mkl05z4.o(.text)
    SystemCoreClockUpdate                    0x00000331   Thumb Code   160  system_mkl05z4.o(.text)
    __aeabi_memset                           0x000003e9   Thumb Code    18  aeabi_memset.o(.text)
    __I$use$semihosting                      0x000003fb   Thumb Code     0  use_no_semi.o(.text)
    __use_no_semihosting_swi                 0x000003fb   Thumb Code     2  use_no_semi.o(.text)
    __I$use$fp                               0x000003fc   Number         0  usenofp.o(x$fpl$usenofp)
    __semihosting_library_function           0x000003fd   Thumb Code     0  indicate_semi.o(.text)
    I2C_Init                                 0x00000411   Thumb Code    64  i2c.o(.text)
    I2C_Ping                                 0x0000045d   Thumb Code   124  i2c.o(.text)
    i2c_enable                               0x000004e5   Thumb Code    12  i2c.o(.text)
    i2c_tran                                 0x000004f5   Thumb Code    12  i2c.o(.text)
    i2c_m_start                              0x00000505   Thumb Code    12  i2c.o(.text)
    i2c_send                                 0x00000515   Thumb Code     8  i2c.o(.text)
    i2c_wait                                 0x00000521   Thumb Code    76  i2c.o(.text)
    i2c_m_stop                               0x00000579   Thumb Code    12  i2c.o(.text)
    i2c_disable                              0x00000589   Thumb Code    12  i2c.o(.text)
    I2C_Write                                0x00000599   Thumb Code   184  i2c.o(.text)
    I2C_Read                                 0x0000065d   Thumb Code   212  i2c.o(.text)
    i2c_rec                                  0x00000741   Thumb Code    12  i2c.o(.text)
    i2c_nack                                 0x00000751   Thumb Code    12  i2c.o(.text)
    i2c_recv                                 0x00000761   Thumb Code     8  i2c.o(.text)
    I2C_WriteReg                             0x0000076d   Thumb Code   256  i2c.o(.text)
    I2C_ReadReg                              0x00000879   Thumb Code   380  i2c.o(.text)
    i2c_clr_IICIF                            0x00000a05   Thumb Code    12  i2c.o(.text)
    i2c_m_rstart                             0x00000a15   Thumb Code    20  i2c.o(.text)
    I2C_ReadRegBlock                         0x00000a2d   Thumb Code   608  i2c.o(.text)
    i2c_ack                                  0x00000c9d   Thumb Code    12  i2c.o(.text)
    LCD1602_Init                             0x00000cad   Thumb Code   104  lcd1602.o(.text)
    LCD1602_CheckAddress                     0x00000d1d   Thumb Code    40  lcd1602.o(.text)
    LCD1602_Write8                           0x00000d49   Thumb Code   172  lcd1602.o(.text)
    LCD1602_Blink_On                         0x00000e01   Thumb Code    12  lcd1602.o(.text)
    LCD1602_Blink_Off                        0x00000e0d   Thumb Code    12  lcd1602.o(.text)
    LCD1602_Blink_Off_Cursor_On              0x00000e19   Thumb Code    12  lcd1602.o(.text)
    LCD1602_SetCursor                        0x00000e25   Thumb Code    30  lcd1602.o(.text)
    LCD1602_ClearAll                         0x00000e43   Thumb Code    12  lcd1602.o(.text)
    LCD1602_Print                            0x00000e4f   Thumb Code    32  lcd1602.o(.text)
    LCD1602_PrintNum                         0x00000e71   Thumb Code   168  lcd1602.o(.text)
    itoa                                     0x00000f21   Thumb Code   112  lcd1602.o(.text)
    LCD1602_Backlight                        0x00000f91   Thumb Code    36  lcd1602.o(.text)
    PCF8574_Write                            0x00000fbd   Thumb Code    36  lcd1602.o(.text)
    LCD1602_Write4                           0x00000fe9   Thumb Code    88  lcd1602.o(.text)
    LCD1602_BF_AC                            0x0000104d   Thumb Code   200  lcd1602.o(.text)
    LCD1602_PL_CH                            0x0000111d   Thumb Code   248  lcd1602.o(.text)
    LCD1602_PrintPL                          0x00001235   Thumb Code   136  lcd1602.o(.text)
    SysTick_Handler                          0x000012bd   Thumb Code    28  main.o(.text)
    ADC0_IRQHandler                          0x000012e1   Thumb Code    52  main.o(.text)
    main                                     0x00001329   Thumb Code   836  main.o(.text)
    __2sprintf                               0x00001701   Thumb Code    36  noretval__2sprintf.o(.text)
    _printf_pre_padding                      0x00001729   Thumb Code    44  _printf_pad.o(.text)
    _printf_post_padding                     0x00001755   Thumb Code    34  _printf_pad.o(.text)
    _printf_int_dec                          0x00001779   Thumb Code    90  _printf_dec.o(.text)
    __printf                                 0x000017e5   Thumb Code   306  __printf_flags_wp.o(.text)
    memcmp                                   0x0000191d   Thumb Code    90  memcmp.o(.text)
    __aeabi_memcpy                           0x00001977   Thumb Code   130  rt_memcpy.o(.text)
    __rt_memcpy                              0x00001977   Thumb Code     0  rt_memcpy.o(.text)
    _memset_w                                0x000019f9   Thumb Code    26  rt_memclr.o(.text)
    _memset                                  0x00001a13   Thumb Code    30  rt_memclr.o(.text)
    __aeabi_memclr                           0x00001a31   Thumb Code     4  rt_memclr.o(.text)
    __rt_memclr                              0x00001a31   Thumb Code     0  rt_memclr.o(.text)
    __aeabi_memclr4                          0x00001a35   Thumb Code     0  rt_memclr.o(.text)
    __aeabi_memclr8                          0x00001a35   Thumb Code     0  rt_memclr.o(.text)
    __rt_memclr_w                            0x00001a35   Thumb Code     4  rt_memclr.o(.text)
    strcmp                                   0x00001a39   Thumb Code   176  strcmpv6m.o(.text)
    __use_two_region_memory                  0x00001ae9   Thumb Code     2  heapauxi.o(.text)
    __rt_heap_escrow$2region                 0x00001aeb   Thumb Code     2  heapauxi.o(.text)
    __rt_heap_expand$2region                 0x00001aed   Thumb Code     2  heapauxi.o(.text)
    __aeabi_f2d                              0x00001af1   Thumb Code     0  f2d.o(.text)
    _f2d                                     0x00001af1   Thumb Code    80  f2d.o(.text)
    __aeabi_i2f_normalise                    0x00001b45   Thumb Code    72  fflti.o(.text)
    __aeabi_i2f                              0x00001b8d   Thumb Code    16  fflti.o(.text)
    _fflt                                    0x00001b8d   Thumb Code     0  fflti.o(.text)
    __aeabi_ui2f                             0x00001b9d   Thumb Code     6  fflti.o(.text)
    _ffltu                                   0x00001b9d   Thumb Code     0  fflti.o(.text)
    _printf_int_common                       0x00001ba3   Thumb Code   176  _printf_intcommon.o(.text)
    _printf_char_common                      0x00001c5f   Thumb Code    32  _printf_char_common.o(.text)
    _sputc                                   0x00001c85   Thumb Code    10  _sputc.o(.text)
    __rt_udiv10                              0x00001c8f   Thumb Code    40  rtudiv10.o(.text)
    __fpl_dcmp_InfNaN                        0x00001cb9   Thumb Code   154  dcmpin.o(.text)
    __user_setup_stackheap                   0x00001d59   Thumb Code    62  sys_stackheap_outer.o(.text)
    exit                                     0x00001d97   Thumb Code    16  exit.o(.text)
    __fpl_cmpreturn                          0x00001da7   Thumb Code    46  cmpret.o(.text)
    __fpl_dcheck_NaN2                        0x00001dd5   Thumb Code    14  dnan2.o(.text)
    __user_libspace                          0x00001de9   Thumb Code     8  libspace.o(.text)
    __user_perproc_libspace                  0x00001de9   Thumb Code     0  libspace.o(.text)
    __user_perthread_libspace                0x00001de9   Thumb Code     0  libspace.o(.text)
    __fpl_return_NaN                         0x00001df1   Thumb Code    94  retnan.o(.text)
    _sys_exit                                0x00001e51   Thumb Code     8  sys_exit.o(.text)
    __aeabi_uidiv                            0x00001e5d   Thumb Code    68  aeabi_sdivfast.o(.text_divfast)
    __aeabi_idiv                             0x00001ea1   Thumb Code   434  aeabi_sdivfast.o(.text_divfast)
    __aeabi_dcmpge                           0x00002053   Thumb Code     0  dcmp.o(i._dgeq)
    _dgeq                                    0x00002053   Thumb Code    22  dcmp.o(i._dgeq)
    __aeabi_dcmplt                           0x00002069   Thumb Code     0  dcmp.o(i._dls)
    _dls                                     0x00002069   Thumb Code    22  dcmp.o(i._dls)
    _is_digit                                0x0000207f   Thumb Code    14  __printf_wp.o(i._is_digit)
    _dcmpge                                  0x0000208d   Thumb Code    94  dgef.o(x$fpl$dgeqf)
    __aeabi_cdcmple                          0x000020f1   Thumb Code     0  dlef.o(x$fpl$dleqf)
    _dcmple                                  0x000020f1   Thumb Code    94  dlef.o(x$fpl$dleqf)
    __aeabi_fmul                             0x00002155   Thumb Code     0  fmul.o(x$fpl$fmul)
    _fmul                                    0x00002155   Thumb Code   172  fmul.o(x$fpl$fmul)
    Region$$Table$$Base                      0x00002254   Number         0  anon$$obj.o(Region$$Table)
    Region$$Table$$Limit                     0x00002274   Number         0  anon$$obj.o(Region$$Table)
    PL_CH_a_                                 0x1ffffc00   Data           8  lcd1602.o(.data.PL_CH_a_)
    PL_CH_c_                                 0x1ffffc08   Data           8  lcd1602.o(.data.PL_CH_c_)
    PL_CH_e_                                 0x1ffffc10   Data           8  lcd1602.o(.data.PL_CH_e_)
    PL_CH_l_                                 0x1ffffc18   Data           8  lcd1602.o(.data.PL_CH_l_)
    PL_CH_n_                                 0x1ffffc20   Data           8  lcd1602.o(.data.PL_CH_n_)
    PL_CH_o_                                 0x1ffffc28   Data           8  lcd1602.o(.data.PL_CH_o_)
    PL_CH_s_                                 0x1ffffc30   Data           8  lcd1602.o(.data.PL_CH_s_)
    PL_CH_z_                                 0x1ffffc38   Data           8  lcd1602.o(.data.PL_CH_z_)
    SystemCoreClock                          0x1ffffc40   Data           4  system_mkl05z4.o(.data.SystemCoreClock)
    adc_volt_coeff                           0x1ffffc44   Data           4  main.o(.data.adc_volt_coeff)
    morseCode                                0x1ffffc4c   Data         104  main.o(.data.morseCode)
    __libspace_start                         0x1ffffcb8   Data          96  libspace.o(.bss)
    __temporary_stack_top$libspace           0x1ffffd18   Data           0  libspace.o(.bss)
    czas_ciemny                              0x1ffffd18   Data           4  main.o(.bss.czas_ciemny)
    czas_jasny                               0x1ffffd1c   Data           4  main.o(.bss.czas_jasny)
    dummy                                    0x1ffffd20   Data           1  i2c.o(.bss.dummy)
    i                                        0x1ffffd24   Data           4  main.o(.bss.i)
    k                                        0x1ffffd28   Data           4  main.o(.bss.k)
    sekunda                                  0x1ffffd2d   Data           1  main.o(.bss.sekunda)
    sekunda_OK                               0x1ffffd2e   Data           1  main.o(.bss.sekunda_OK)
    slowo                                    0x1ffffd30   Data          20  main.o(.bss.slowo)
    temp                                     0x1ffffd44   Data           2  main.o(.bss.temp)
    wynik                                    0x1ffffd48   Data           4  main.o(.bss.wynik)
    wynik_ok                                 0x1ffffd4c   Data           1  main.o(.bss.wynik_ok)
    znaki                                    0x1ffffd50   Data          50  main.o(.bss.znaki)



==============================================================================

Memory Map of the image

  Image Entry point : 0x000000c1

  Load Region LR_IROM1 (Base: 0x00000000, Size: 0x00002330, Max: 0x00008000, ABSOLUTE)

    Execution Region ER_IROM1 (Exec base: 0x00000000, Load base: 0x00000000, Size: 0x00002274, Max: 0x00008000, ABSOLUTE)

    Exec Addr    Load Addr    Size         Type   Attr      Idx    E Section Name        Object

    0x00000000   0x00000000   0x000000c0   Data   RO           73    RESET               startup_mkl05z4.o
    0x000000c0   0x000000c0   0x00000008   Code   RO          148  * !!!main             c_p.l(__main.o)
    0x000000c8   0x000000c8   0x0000003c   Code   RO          369    !!!scatter          c_p.l(__scatter.o)
    0x00000104   0x00000104   0x0000001a   Code   RO          371    !!handler_copy      c_p.l(__scatter_copy.o)
    0x0000011e   0x0000011e   0x00000002   PAD
    0x00000120   0x00000120   0x0000001c   Code   RO          373    !!handler_zi        c_p.l(__scatter_zi.o)
    0x0000013c   0x0000013c   0x00000002   Code   RO          125    .ARM.Collect$$_printf_percent$$00000000  c_p.l(_printf_percent.o)
    0x0000013e   0x0000013e   0x0000000a   Code   RO          124    .ARM.Collect$$_printf_percent$$00000009  c_p.l(_printf_d.o)
    0x00000148   0x00000148   0x00000004   Code   RO          179    .ARM.Collect$$_printf_percent$$00000017  c_p.l(_printf_percent_end.o)
    0x0000014c   0x0000014c   0x00000002   Code   RO          224    .ARM.Collect$$libinit$$00000000  c_p.l(libinit.o)
    0x0000014e   0x0000014e   0x00000000   Code   RO          242    .ARM.Collect$$libinit$$00000002  c_p.l(libinit2.o)
    0x0000014e   0x0000014e   0x00000000   Code   RO          244    .ARM.Collect$$libinit$$00000004  c_p.l(libinit2.o)
    0x0000014e   0x0000014e   0x00000000   Code   RO          246    .ARM.Collect$$libinit$$00000006  c_p.l(libinit2.o)
    0x0000014e   0x0000014e   0x00000000   Code   RO          249    .ARM.Collect$$libinit$$0000000C  c_p.l(libinit2.o)
    0x0000014e   0x0000014e   0x00000000   Code   RO          251    .ARM.Collect$$libinit$$0000000E  c_p.l(libinit2.o)
    0x0000014e   0x0000014e   0x00000000   Code   RO          253    .ARM.Collect$$libinit$$00000010  c_p.l(libinit2.o)
    0x0000014e   0x0000014e   0x00000000   Code   RO          256    .ARM.Collect$$libinit$$00000013  c_p.l(libinit2.o)
    0x0000014e   0x0000014e   0x00000000   Code   RO          258    .ARM.Collect$$libinit$$00000015  c_p.l(libinit2.o)
    0x0000014e   0x0000014e   0x00000000   Code   RO          260    .ARM.Collect$$libinit$$00000017  c_p.l(libinit2.o)
    0x0000014e   0x0000014e   0x00000000   Code   RO          262    .ARM.Collect$$libinit$$00000019  c_p.l(libinit2.o)
    0x0000014e   0x0000014e   0x00000000   Code   RO          264    .ARM.Collect$$libinit$$0000001B  c_p.l(libinit2.o)
    0x0000014e   0x0000014e   0x00000000   Code   RO          266    .ARM.Collect$$libinit$$0000001D  c_p.l(libinit2.o)
    0x0000014e   0x0000014e   0x00000000   Code   RO          268    .ARM.Collect$$libinit$$0000001F  c_p.l(libinit2.o)
    0x0000014e   0x0000014e   0x00000000   Code   RO          270    .ARM.Collect$$libinit$$00000021  c_p.l(libinit2.o)
    0x0000014e   0x0000014e   0x00000000   Code   RO          272    .ARM.Collect$$libinit$$00000023  c_p.l(libinit2.o)
    0x0000014e   0x0000014e   0x00000000   Code   RO          274    .ARM.Collect$$libinit$$00000025  c_p.l(libinit2.o)
    0x0000014e   0x0000014e   0x00000000   Code   RO          276    .ARM.Collect$$libinit$$00000027  c_p.l(libinit2.o)
    0x0000014e   0x0000014e   0x00000000   Code   RO          280    .ARM.Collect$$libinit$$0000002E  c_p.l(libinit2.o)
    0x0000014e   0x0000014e   0x00000000   Code   RO          282    .ARM.Collect$$libinit$$00000030  c_p.l(libinit2.o)
    0x0000014e   0x0000014e   0x00000000   Code   RO          284    .ARM.Collect$$libinit$$00000032  c_p.l(libinit2.o)
    0x0000014e   0x0000014e   0x00000000   Code   RO          286    .ARM.Collect$$libinit$$00000034  c_p.l(libinit2.o)
    0x0000014e   0x0000014e   0x00000002   Code   RO          287    .ARM.Collect$$libinit$$00000035  c_p.l(libinit2.o)
    0x00000150   0x00000150   0x00000002   Code   RO          324    .ARM.Collect$$libshutdown$$00000000  c_p.l(libshutdown.o)
    0x00000152   0x00000152   0x00000000   Code   RO          352    .ARM.Collect$$libshutdown$$00000002  c_p.l(libshutdown2.o)
    0x00000152   0x00000152   0x00000000   Code   RO          354    .ARM.Collect$$libshutdown$$00000004  c_p.l(libshutdown2.o)
    0x00000152   0x00000152   0x00000000   Code   RO          357    .ARM.Collect$$libshutdown$$00000007  c_p.l(libshutdown2.o)
    0x00000152   0x00000152   0x00000000   Code   RO          360    .ARM.Collect$$libshutdown$$0000000A  c_p.l(libshutdown2.o)
    0x00000152   0x00000152   0x00000000   Code   RO          362    .ARM.Collect$$libshutdown$$0000000C  c_p.l(libshutdown2.o)
    0x00000152   0x00000152   0x00000000   Code   RO          365    .ARM.Collect$$libshutdown$$0000000F  c_p.l(libshutdown2.o)
    0x00000152   0x00000152   0x00000002   Code   RO          366    .ARM.Collect$$libshutdown$$00000010  c_p.l(libshutdown2.o)
    0x00000154   0x00000154   0x00000000   Code   RO          168    .ARM.Collect$$rtentry$$00000000  c_p.l(__rtentry.o)
    0x00000154   0x00000154   0x00000000   Code   RO          190    .ARM.Collect$$rtentry$$00000002  c_p.l(__rtentry2.o)
    0x00000154   0x00000154   0x00000006   Code   RO          202    .ARM.Collect$$rtentry$$00000004  c_p.l(__rtentry4.o)
    0x0000015a   0x0000015a   0x00000000   Code   RO          192    .ARM.Collect$$rtentry$$00000009  c_p.l(__rtentry2.o)
    0x0000015a   0x0000015a   0x00000004   Code   RO          193    .ARM.Collect$$rtentry$$0000000A  c_p.l(__rtentry2.o)
    0x0000015e   0x0000015e   0x00000000   Code   RO          195    .ARM.Collect$$rtentry$$0000000C  c_p.l(__rtentry2.o)
    0x0000015e   0x0000015e   0x00000008   Code   RO          196    .ARM.Collect$$rtentry$$0000000D  c_p.l(__rtentry2.o)
    0x00000166   0x00000166   0x00000002   Code   RO          233    .ARM.Collect$$rtexit$$00000000  c_p.l(rtexit.o)
    0x00000168   0x00000168   0x00000000   Code   RO          295    .ARM.Collect$$rtexit$$00000002  c_p.l(rtexit2.o)
    0x00000168   0x00000168   0x00000004   Code   RO          296    .ARM.Collect$$rtexit$$00000003  c_p.l(rtexit2.o)
    0x0000016c   0x0000016c   0x00000006   Code   RO          297    .ARM.Collect$$rtexit$$00000004  c_p.l(rtexit2.o)
    0x00000172   0x00000172   0x00000002   PAD
    0x00000174   0x00000174   0x00000038   Code   RO          128    .emb_text           c_p.l(rt_memcpy.o)
    0x000001ac   0x000001ac   0x000000b4   Code   RO            1    .text               adc.o
    0x00000260   0x00000260   0x00000050   Code   RO            9    .text               dac.o
    0x000002b0   0x000002b0   0x00000034   Code   RO           75    .text               startup_mkl05z4.o
    0x000002e4   0x000002e4   0x00000104   Code   RO           83    .text               system_mkl05z4.o
    0x000003e8   0x000003e8   0x00000012   Code   RO          132    .text               c_p.l(aeabi_memset.o)
    0x000003fa   0x000003fa   0x00000002   Code   RO          313    .text               c_p.l(use_no_semi.o)
    0x000003fc   0x000003fc   0x00000000   Code   RO          315    .text               c_p.l(indicate_semi.o)
    0x000003fc   0x000003fc   0x00000000   Code   RO          188    x$fpl$usenofp       fz_ps.l(usenofp.o)
    0x000003fc   0x000003fc   0x00000004   PAD
    0x00000400   0x00000400   0x00000010   Code   RO           74    .ARM.__at_0x400     startup_mkl05z4.o
    0x00000410   0x00000410   0x0000089c   Code   RO           17    .text               i2c.o
    0x00000cac   0x00000cac   0x00000610   Code   RO           28    .text               lcd1602.o
    0x000012bc   0x000012bc   0x00000444   Code   RO           48    .text               main.o
    0x00001700   0x00001700   0x00000028   Code   RO           96    .text               c_p.l(noretval__2sprintf.o)
    0x00001728   0x00001728   0x0000004e   Code   RO          100    .text               c_p.l(_printf_pad.o)
    0x00001776   0x00001776   0x00000002   PAD
    0x00001778   0x00001778   0x0000006c   Code   RO          102    .text               c_p.l(_printf_dec.o)
    0x000017e4   0x000017e4   0x00000138   Code   RO          116    .text               c_p.l(__printf_flags_wp.o)
    0x0000191c   0x0000191c   0x0000005a   Code   RO          126    .text               c_p.l(memcmp.o)
    0x00001976   0x00001976   0x00000082   Code   RO          129    .text               c_p.l(rt_memcpy.o)
    0x000019f8   0x000019f8   0x00000040   Code   RO          134    .text               c_p.l(rt_memclr.o)
    0x00001a38   0x00001a38   0x000000b0   Code   RO          136    .text               c_p.l(strcmpv6m.o)
    0x00001ae8   0x00001ae8   0x00000006   Code   RO          146    .text               c_p.l(heapauxi.o)
    0x00001aee   0x00001aee   0x00000002   PAD
    0x00001af0   0x00001af0   0x00000054   Code   RO          162    .text               fz_ps.l(f2d.o)
    0x00001b44   0x00001b44   0x0000005e   Code   RO          164    .text               fz_ps.l(fflti.o)
    0x00001ba2   0x00001ba2   0x000000b0   Code   RO          173    .text               c_p.l(_printf_intcommon.o)
    0x00001c52   0x00001c52   0x00000002   PAD
    0x00001c54   0x00001c54   0x00000030   Code   RO          175    .text               c_p.l(_printf_char_common.o)
    0x00001c84   0x00001c84   0x0000000a   Code   RO          177    .text               c_p.l(_sputc.o)
    0x00001c8e   0x00001c8e   0x00000028   Code   RO          180    .text               c_p.l(rtudiv10.o)
    0x00001cb6   0x00001cb6   0x00000002   PAD
    0x00001cb8   0x00001cb8   0x000000a0   Code   RO          208    .text               fz_ps.l(dcmpin.o)
    0x00001d58   0x00001d58   0x0000003e   Code   RO          210    .text               c_p.l(sys_stackheap_outer.o)
    0x00001d96   0x00001d96   0x00000010   Code   RO          213    .text               c_p.l(exit.o)
    0x00001da6   0x00001da6   0x0000002e   Code   RO          225    .text               fz_ps.l(cmpret.o)
    0x00001dd4   0x00001dd4   0x00000014   Code   RO          227    .text               fz_ps.l(dnan2.o)
    0x00001de8   0x00001de8   0x00000008   Code   RO          229    .text               c_p.l(libspace.o)
    0x00001df0   0x00001df0   0x0000005e   Code   RO          288    .text               fz_ps.l(retnan.o)
    0x00001e4e   0x00001e4e   0x00000002   PAD
    0x00001e50   0x00001e50   0x0000000c   Code   RO          290    .text               c_p.l(sys_exit.o)
    0x00001e5c   0x00001e5c   0x000001f6   Code   RO          139    .text_divfast       c_p.l(aeabi_sdivfast.o)
    0x00002052   0x00002052   0x00000016   Code   RO          151    i._dgeq             fz_ps.l(dcmp.o)
    0x00002068   0x00002068   0x00000016   Code   RO          154    i._dls              fz_ps.l(dcmp.o)
    0x0000207e   0x0000207e   0x0000000e   Code   RO          114    i._is_digit         c_p.l(__printf_wp.o)
    0x0000208c   0x0000208c   0x00000064   Code   RO          184    x$fpl$dgeqf         fz_ps.l(dgef.o)
    0x000020f0   0x000020f0   0x00000064   Code   RO          186    x$fpl$dleqf         fz_ps.l(dlef.o)
    0x00002154   0x00002154   0x000000b0   Code   RO          166    x$fpl$fmul          fz_ps.l(fmul.o)
    0x00002204   0x00002204   0x00000011   Data   RO          117    .constdata          c_p.l(__printf_flags_wp.o)
    0x00002215   0x00002215   0x0000003c   Data   RO           59    .rodata.str1.1      main.o
    0x00002251   0x00002251   0x00000003   PAD
    0x00002254   0x00002254   0x00000020   Data   RO          368    Region$$Table       anon$$obj.o


    Execution Region RW_IRAM1 (Exec base: 0x1ffffc00, Load base: 0x00002278, Size: 0x00000488, Max: 0x00001000, ABSOLUTE)

    Exec Addr    Load Addr    Size         Type   Attr      Idx    E Section Name        Object

    0x1ffffc00   0x00002278   0x00000008   Data   RW           30    .data.PL_CH_a_      lcd1602.o
    0x1ffffc08   0x00002280   0x00000008   Data   RW           31    .data.PL_CH_c_      lcd1602.o
    0x1ffffc10   0x00002288   0x00000008   Data   RW           32    .data.PL_CH_e_      lcd1602.o
    0x1ffffc18   0x00002290   0x00000008   Data   RW           33    .data.PL_CH_l_      lcd1602.o
    0x1ffffc20   0x00002298   0x00000008   Data   RW           34    .data.PL_CH_n_      lcd1602.o
    0x1ffffc28   0x000022a0   0x00000008   Data   RW           35    .data.PL_CH_o_      lcd1602.o
    0x1ffffc30   0x000022a8   0x00000008   Data   RW           36    .data.PL_CH_s_      lcd1602.o
    0x1ffffc38   0x000022b0   0x00000008   Data   RW           37    .data.PL_CH_z_      lcd1602.o
    0x1ffffc40   0x000022b8   0x00000004   Data   RW           85    .data.SystemCoreClock  system_mkl05z4.o
    0x1ffffc44   0x000022bc   0x00000004   Data   RW           54    .data.adc_volt_coeff  main.o
    0x1ffffc48   0x000022c0   0x00000001   Data   RW           39    .data.lcd_backlight  lcd1602.o
    0x1ffffc49   0x000022c1   0x00000003   PAD
    0x1ffffc4c   0x000022c4   0x00000068   Data   RW           60    .data.morseCode     main.o
    0x1ffffcb4   0x0000232c   0x00000004   PAD
    0x1ffffcb8        -       0x00000060   Zero   RW          230    .bss                c_p.l(libspace.o)
    0x1ffffd18        -       0x00000004   Zero   RW           50    .bss.czas_ciemny    main.o
    0x1ffffd1c        -       0x00000004   Zero   RW           51    .bss.czas_jasny     main.o
    0x1ffffd20        -       0x00000001   Zero   RW           20    .bss.dummy          i2c.o
    0x1ffffd21        -       0x00000001   Zero   RW           19    .bss.error          i2c.o
    0x1ffffd22   0x0000232c   0x00000002   PAD
    0x1ffffd24        -       0x00000004   Zero   RW           57    .bss.i              main.o
    0x1ffffd28        -       0x00000004   Zero   RW           58    .bss.k              main.o
    0x1ffffd2c        -       0x00000001   Zero   RW           40    .bss.pcf_address    lcd1602.o
    0x1ffffd2d        -       0x00000001   Zero   RW           52    .bss.sekunda        main.o
    0x1ffffd2e        -       0x00000001   Zero   RW           53    .bss.sekunda_OK     main.o
    0x1ffffd2f   0x0000232c   0x00000001   PAD
    0x1ffffd30        -       0x00000014   Zero   RW           63    .bss.slowo          main.o
    0x1ffffd44        -       0x00000002   Zero   RW           61    .bss.temp           main.o
    0x1ffffd46   0x0000232c   0x00000002   PAD
    0x1ffffd48        -       0x00000004   Zero   RW           56    .bss.wynik          main.o
    0x1ffffd4c        -       0x00000001   Zero   RW           55    .bss.wynik_ok       main.o
    0x1ffffd4d   0x0000232c   0x00000003   PAD
    0x1ffffd50        -       0x00000032   Zero   RW           62    .bss.znaki          main.o
    0x1ffffd82   0x0000232c   0x00000006   PAD
    0x1ffffd88        -       0x00000000   Zero   RW           72    HEAP                startup_mkl05z4.o
    0x1ffffd88        -       0x00000300   Zero   RW           71    STACK               startup_mkl05z4.o


==============================================================================

Image component sizes


      Code (inc. data)   RO Data    RW Data    ZI Data      Debug   Object Name

       180         16          0          0          0       3581   adc.o
        80         16          0          0          0       1919   dac.o
      2204        156          0          0          2       7983   i2c.o
      1552        126          0         65          1       6769   lcd1602.o
      1092        176         60        108         95       6047   main.o
        68         38        192          0        768        840   startup_mkl05z4.o
       260         48          0          4          0       2285   system_mkl05z4.o

    ----------------------------------------------------------------------
      5436        576        287        180        884      29424   Object Totals
         0          0         32          0          0          0   (incl. Generated)
         0          0          3          3         18          0   (incl. Padding)

    ----------------------------------------------------------------------

      Code (inc. data)   RO Data    RW Data    ZI Data      Debug   Library Member Name

         8          0          0          0          0         68   __main.o
       312          6         17          0          0         76   __printf_flags_wp.o
        14          0          0          0          0         60   __printf_wp.o
         0          0          0          0          0          0   __rtentry.o
        12          0          0          0          0          0   __rtentry2.o
         6          0          0          0          0          0   __rtentry4.o
        60          8          0          0          0          0   __scatter.o
        26          0          0          0          0          0   __scatter_copy.o
        28          0          0          0          0          0   __scatter_zi.o
        48          6          0          0          0         88   _printf_char_common.o
        10          0          0          0          0          0   _printf_d.o
       108         18          0          0          0         76   _printf_dec.o
       176          0          0          0          0         84   _printf_intcommon.o
        78          0          0          0          0        100   _printf_pad.o
         2          0          0          0          0          0   _printf_percent.o
         4          0          0          0          0          0   _printf_percent_end.o
        10          0          0          0          0         60   _sputc.o
        18          0          0          0          0         68   aeabi_memset.o
       502          0          0          0          0         92   aeabi_sdivfast.o
        16          0          0          0          0         68   exit.o
         6          0          0          0          0        136   heapauxi.o
         0          0          0          0          0          0   indicate_semi.o
         2          0          0          0          0          0   libinit.o
         2          0          0          0          0          0   libinit2.o
         2          0          0          0          0          0   libshutdown.o
         2          0          0          0          0          0   libshutdown2.o
         8          4          0          0         96         68   libspace.o
        90          0          0          0          0         68   memcmp.o
        40          4          0          0          0         84   noretval__2sprintf.o
        64          0          0          0          0        108   rt_memclr.o
       186          0          0          0          0        144   rt_memcpy.o
         2          0          0          0          0          0   rtexit.o
        10          0          0          0          0          0   rtexit2.o
        40          0          0          0          0         60   rtudiv10.o
       176          4          0          0          0         80   strcmpv6m.o
        12          4          0          0          0         60   sys_exit.o
        62          0          0          0          0         80   sys_stackheap_outer.o
         2          0          0          0          0         68   use_no_semi.o
        46          0          0          0          0         60   cmpret.o
        44          0          0          0          0        136   dcmp.o
       160          6          0          0          0         76   dcmpin.o
       100          4          0          0          0         92   dgef.o
       100          4          0          0          0         92   dlef.o
        20          6          0          0          0         68   dnan2.o
        84          4          0          0          0         60   f2d.o
        94          0          0          0          0         92   fflti.o
       176          4          0          0          0         80   fmul.o
        94          0          0          0          0         68   retnan.o
         0          0          0          0          0          0   usenofp.o

    ----------------------------------------------------------------------
      3080         82         17          0         96       2620   Library Totals
        18          0          0          0          0          0   (incl. Padding)

    ----------------------------------------------------------------------

      Code (inc. data)   RO Data    RW Data    ZI Data      Debug   Library Name

      2144         54         17          0         96       1796   c_p.l
       918         28          0          0          0        824   fz_ps.l

    ----------------------------------------------------------------------
      3080         82         17          0         96       2620   Library Totals

    ----------------------------------------------------------------------

==============================================================================


      Code (inc. data)   RO Data    RW Data    ZI Data      Debug   

      8516        658        304        180        980      30616   Grand Totals
      8516        658        304        180        980      30616   ELF Image Totals
      8516        658        304        180          0          0   ROM Totals

==============================================================================

    Total RO  Size (Code + RO Data)                 8820 (   8.61kB)
    Total RW  Size (RW Data + ZI Data)              1160 (   1.13kB)
    Total ROM Size (Code + RO Data + RW Data)       9000 (   8.79kB)

==============================================================================

